[2023-03-04T22:58:33.022-0700][0.008s] Using G1
[2023-03-04T22:58:33.420-0700][0.406s] Version: 15.0.2+7-27 (release)
[2023-03-04T22:58:33.420-0700][0.406s] CPUs: 8 total, 8 available
[2023-03-04T22:58:33.420-0700][0.406s] Memory: 16384M
[2023-03-04T22:58:33.420-0700][0.406s] Large Page Support: Disabled
[2023-03-04T22:58:33.420-0700][0.406s] NUMA Support: Disabled
[2023-03-04T22:58:33.420-0700][0.406s] Compressed Oops: Enabled (Zero based)
[2023-03-04T22:58:33.420-0700][0.406s] Heap Region Size: 1M
[2023-03-04T22:58:33.420-0700][0.406s] Heap Min Capacity: 512M
[2023-03-04T22:58:33.420-0700][0.406s] Heap Initial Capacity: 512M
[2023-03-04T22:58:33.420-0700][0.406s] Heap Max Capacity: 512M
[2023-03-04T22:58:33.420-0700][0.406s] Pre-touch: Enabled
[2023-03-04T22:58:33.420-0700][0.406s] Parallel Workers: 8
[2023-03-04T22:58:33.420-0700][0.406s] Concurrent Workers: 2
[2023-03-04T22:58:33.420-0700][0.406s] Concurrent Refinement Workers: 8
[2023-03-04T22:58:33.420-0700][0.406s] Periodic GC: Disabled
[2023-03-04T22:58:33.421-0700][0.407s] Mark closed archive regions in map: [0x00000007fff00000, 0x00000007fff78ff8]
[2023-03-04T22:58:33.421-0700][0.407s] Mark open archive regions in map: [0x00000007ffe00000, 0x00000007ffe50ff8]
[2023-03-04T22:58:33.421-0700][0.408s] CDS archive(s) mapped at: [0x0000000800000000-0x0000000800b2d000-0x0000000800b2d000), size 11718656, SharedBaseAddress: 0x0000000800000000, ArchiveRelocationMode: 0.
[2023-03-04T22:58:33.421-0700][0.408s] Compressed class space mapped at: 0x0000000800b30000-0x0000000840b30000, size: 1073741824
[2023-03-04T22:58:33.421-0700][0.408s] Narrow klass base: 0x0000000800000000, Narrow klass shift: 3, Narrow klass range: 0x100000000
[2023-03-04T22:58:33.889-0700][0.876s] GC(0) Pause Young (Normal) (G1 Evacuation Pause)
[2023-03-04T22:58:33.890-0700][0.877s] GC(0) Using 8 workers of 8 for evacuation
[2023-03-04T22:58:33.893-0700][0.879s] GC(0)   Pre Evacuate Collection Set: 0.1ms
[2023-03-04T22:58:33.893-0700][0.879s] GC(0)   Merge Heap Roots: 0.1ms
[2023-03-04T22:58:33.893-0700][0.879s] GC(0)   Evacuate Collection Set: 1.8ms
[2023-03-04T22:58:33.893-0700][0.879s] GC(0)   Post Evacuate Collection Set: 0.4ms
[2023-03-04T22:58:33.893-0700][0.879s] GC(0)   Other: 1.0ms
[2023-03-04T22:58:33.893-0700][0.879s] GC(0) Eden regions: 29->0(54)
[2023-03-04T22:58:33.893-0700][0.879s] GC(0) Survivor regions: 0->4(4)
[2023-03-04T22:58:33.893-0700][0.879s] GC(0) Old regions: 0->0
[2023-03-04T22:58:33.893-0700][0.879s] GC(0) Archive regions: 2->2
[2023-03-04T22:58:33.893-0700][0.879s] GC(0) Humongous regions: 0->0
[2023-03-04T22:58:33.893-0700][0.879s] GC(0) Metaspace: 7225K(8064K)->7225K(8064K) NonClass: 6369K(7168K)->6369K(7168K) Class: 856K(896K)->856K(896K)
[2023-03-04T22:58:33.893-0700][0.879s] GC(0) Pause Young (Normal) (G1 Evacuation Pause) 29M->3M(512M) 3.555ms
[2023-03-04T22:58:33.893-0700][0.879s] GC(0) User=0.02s Sys=0.00s Real=0.01s
[2023-03-04T22:58:34.754-0700][1.740s] GC(1) Pause Young (Normal) (G1 Evacuation Pause)
[2023-03-04T22:58:34.754-0700][1.740s] GC(1) Using 8 workers of 8 for evacuation
[2023-03-04T22:58:34.763-0700][1.749s] GC(1)   Pre Evacuate Collection Set: 0.1ms
[2023-03-04T22:58:34.763-0700][1.749s] GC(1)   Merge Heap Roots: 0.1ms
[2023-03-04T22:58:34.763-0700][1.749s] GC(1)   Evacuate Collection Set: 7.7ms
[2023-03-04T22:58:34.763-0700][1.749s] GC(1)   Post Evacuate Collection Set: 0.7ms
[2023-03-04T22:58:34.763-0700][1.749s] GC(1)   Other: 0.1ms
[2023-03-04T22:58:34.763-0700][1.749s] GC(1) Eden regions: 54->0(77)
[2023-03-04T22:58:34.763-0700][1.749s] GC(1) Survivor regions: 4->8(8)
[2023-03-04T22:58:34.763-0700][1.749s] GC(1) Old regions: 0->11
[2023-03-04T22:58:34.763-0700][1.749s] GC(1) Archive regions: 2->2
[2023-03-04T22:58:34.763-0700][1.749s] GC(1) Humongous regions: 4->4
[2023-03-04T22:58:34.763-0700][1.749s] GC(1) Metaspace: 16393K(16896K)->16393K(16896K) NonClass: 14485K(14848K)->14485K(14848K) Class: 1908K(2048K)->1908K(2048K)
[2023-03-04T22:58:34.763-0700][1.749s] GC(1) Pause Young (Normal) (G1 Evacuation Pause) 61M->23M(512M) 8.855ms
[2023-03-04T22:58:34.763-0700][1.749s] GC(1) User=0.06s Sys=0.00s Real=0.01s
[2023-03-04T22:58:34.982-0700][1.968s] GC(2) Pause Young (Concurrent Start) (Metadata GC Threshold)
[2023-03-04T22:58:34.982-0700][1.968s] GC(2) Using 8 workers of 8 for evacuation
[2023-03-04T22:58:34.985-0700][1.972s] GC(2)   Pre Evacuate Collection Set: 0.1ms
[2023-03-04T22:58:34.985-0700][1.972s] GC(2)   Merge Heap Roots: 0.1ms
[2023-03-04T22:58:34.985-0700][1.972s] GC(2)   Evacuate Collection Set: 3.1ms
[2023-03-04T22:58:34.986-0700][1.972s] GC(2)   Post Evacuate Collection Set: 0.4ms
[2023-03-04T22:58:34.986-0700][1.972s] GC(2)   Other: 0.2ms
[2023-03-04T22:58:34.986-0700][1.972s] GC(2) Eden regions: 23->0(141)
[2023-03-04T22:58:34.986-0700][1.972s] GC(2) Survivor regions: 8->1(10)
[2023-03-04T22:58:34.986-0700][1.972s] GC(2) Old regions: 11->20
[2023-03-04T22:58:34.986-0700][1.972s] GC(2) Archive regions: 2->2
[2023-03-04T22:58:34.986-0700][1.972s] GC(2) Humongous regions: 4->4
[2023-03-04T22:58:34.986-0700][1.972s] GC(2) Metaspace: 20772K(21248K)->20772K(21248K) NonClass: 18419K(18688K)->18419K(18688K) Class: 2353K(2560K)->2353K(2560K)
[2023-03-04T22:58:34.986-0700][1.972s] GC(2) Pause Young (Concurrent Start) (Metadata GC Threshold) 46M->24M(512M) 4.049ms
[2023-03-04T22:58:34.986-0700][1.972s] GC(2) User=0.02s Sys=0.00s Real=0.00s
[2023-03-04T22:58:34.986-0700][1.972s] GC(3) Concurrent Cycle
[2023-03-04T22:58:34.986-0700][1.972s] GC(3) Concurrent Clear Claimed Marks
[2023-03-04T22:58:34.986-0700][1.972s] GC(3) Concurrent Clear Claimed Marks 0.017ms
[2023-03-04T22:58:34.986-0700][1.972s] GC(3) Concurrent Scan Root Regions
[2023-03-04T22:58:34.987-0700][1.974s] GC(3) Concurrent Scan Root Regions 1.632ms
[2023-03-04T22:58:34.987-0700][1.974s] GC(3) Concurrent Mark (1.974s)
[2023-03-04T22:58:34.987-0700][1.974s] GC(3) Concurrent Mark From Roots
[2023-03-04T22:58:34.987-0700][1.974s] GC(3) Using 2 workers of 2 for marking
[2023-03-04T22:58:34.998-0700][1.984s] GC(3) Concurrent Mark From Roots 10.230ms
[2023-03-04T22:58:34.998-0700][1.984s] GC(3) Concurrent Preclean
[2023-03-04T22:58:34.998-0700][1.984s] GC(3) Concurrent Preclean 0.083ms
[2023-03-04T22:58:34.998-0700][1.984s] GC(3) Concurrent Mark (1.974s, 1.984s) 10.375ms
[2023-03-04T22:58:34.998-0700][1.984s] GC(3) Pause Remark
[2023-03-04T22:58:34.999-0700][1.986s] GC(3) Pause Remark 26M->26M(512M) 1.503ms
[2023-03-04T22:58:34.999-0700][1.986s] GC(3) User=0.00s Sys=0.00s Real=0.00s
[2023-03-04T22:58:35.000-0700][1.986s] GC(3) Concurrent Rebuild Remembered Sets
[2023-03-04T22:58:35.006-0700][1.993s] GC(3) Concurrent Rebuild Remembered Sets 6.456ms
[2023-03-04T22:58:35.006-0700][1.993s] GC(3) Pause Cleanup
[2023-03-04T22:58:35.007-0700][1.993s] GC(3) Pause Cleanup 26M->26M(512M) 0.119ms
[2023-03-04T22:58:35.007-0700][1.993s] GC(3) User=0.01s Sys=0.00s Real=0.00s
[2023-03-04T22:58:35.007-0700][1.993s] GC(3) Concurrent Cleanup for Next Mark
[2023-03-04T22:58:35.007-0700][1.994s] GC(3) Concurrent Cleanup for Next Mark 0.723ms
[2023-03-04T22:58:35.007-0700][1.994s] GC(3) Concurrent Cycle 21.707ms
[2023-03-04T22:58:36.171-0700][3.157s] GC(4) Pause Young (Concurrent Start) (Metadata GC Threshold)
[2023-03-04T22:58:36.171-0700][3.157s] GC(4) Using 8 workers of 8 for evacuation
[2023-03-04T22:58:36.177-0700][3.164s] GC(4)   Pre Evacuate Collection Set: 0.1ms
[2023-03-04T22:58:36.177-0700][3.164s] GC(4)   Merge Heap Roots: 0.0ms
[2023-03-04T22:58:36.177-0700][3.164s] GC(4)   Evacuate Collection Set: 5.5ms
[2023-03-04T22:58:36.177-0700][3.164s] GC(4)   Post Evacuate Collection Set: 0.6ms
[2023-03-04T22:58:36.177-0700][3.164s] GC(4)   Other: 0.2ms
[2023-03-04T22:58:36.177-0700][3.164s] GC(4) Eden regions: 83->0(301)
[2023-03-04T22:58:36.177-0700][3.164s] GC(4) Survivor regions: 1->6(18)
[2023-03-04T22:58:36.177-0700][3.164s] GC(4) Old regions: 20->20
[2023-03-04T22:58:36.177-0700][3.164s] GC(4) Archive regions: 2->2
[2023-03-04T22:58:36.177-0700][3.164s] GC(4) Humongous regions: 4->4
[2023-03-04T22:58:36.177-0700][3.164s] GC(4) Metaspace: 35449K(35840K)->35449K(35840K) NonClass: 31304K(31488K)->31304K(31488K) Class: 4145K(4352K)->4145K(4352K)
[2023-03-04T22:58:36.177-0700][3.164s] GC(4) Pause Young (Concurrent Start) (Metadata GC Threshold) 107M->29M(512M) 6.552ms
[2023-03-04T22:58:36.177-0700][3.164s] GC(4) User=0.03s Sys=0.00s Real=0.00s
[2023-03-04T22:58:36.177-0700][3.164s] GC(5) Concurrent Cycle
[2023-03-04T22:58:36.177-0700][3.164s] GC(5) Concurrent Clear Claimed Marks
[2023-03-04T22:58:36.177-0700][3.164s] GC(5) Concurrent Clear Claimed Marks 0.041ms
[2023-03-04T22:58:36.177-0700][3.164s] GC(5) Concurrent Scan Root Regions
[2023-03-04T22:58:36.180-0700][3.166s] GC(5) Concurrent Scan Root Regions 2.477ms
[2023-03-04T22:58:36.180-0700][3.166s] GC(5) Concurrent Mark (3.166s)
[2023-03-04T22:58:36.180-0700][3.166s] GC(5) Concurrent Mark From Roots
[2023-03-04T22:58:36.180-0700][3.166s] GC(5) Using 2 workers of 2 for marking
[2023-03-04T22:58:36.193-0700][3.179s] GC(5) Concurrent Mark From Roots 12.966ms
[2023-03-04T22:58:36.193-0700][3.179s] GC(5) Concurrent Preclean
[2023-03-04T22:58:36.193-0700][3.180s] GC(5) Concurrent Preclean 0.107ms
[2023-03-04T22:58:36.193-0700][3.180s] GC(5) Concurrent Mark (3.166s, 3.180s) 13.154ms
[2023-03-04T22:58:36.193-0700][3.180s] GC(5) Pause Remark
[2023-03-04T22:58:36.195-0700][3.181s] GC(5) Pause Remark 31M->31M(512M) 1.449ms
[2023-03-04T22:58:36.195-0700][3.181s] GC(5) User=0.01s Sys=0.00s Real=0.00s
[2023-03-04T22:58:36.195-0700][3.181s] GC(5) Concurrent Rebuild Remembered Sets
[2023-03-04T22:58:36.201-0700][3.188s] GC(5) Concurrent Rebuild Remembered Sets 6.258ms
[2023-03-04T22:58:36.201-0700][3.188s] GC(5) Pause Cleanup
[2023-03-04T22:58:36.201-0700][3.188s] GC(5) Pause Cleanup 32M->32M(512M) 0.117ms
[2023-03-04T22:58:36.202-0700][3.188s] GC(5) User=0.00s Sys=0.00s Real=0.00s
[2023-03-04T22:58:36.202-0700][3.188s] GC(5) Concurrent Cleanup for Next Mark
[2023-03-04T22:58:36.202-0700][3.189s] GC(5) Concurrent Cleanup for Next Mark 0.813ms
[2023-03-04T22:58:36.202-0700][3.189s] GC(5) Concurrent Cycle 25.170ms
[2023-03-04T23:19:16.874-0700][1243.812s] Heap
[2023-03-04T23:19:16.874-0700][1243.812s]  garbage-first heap   total 524288K, used 213501K [0x00000007e0000000, 0x0000000800000000)
[2023-03-04T23:19:16.874-0700][1243.812s]   region size 1024K, 183 young (187392K), 6 survivors (6144K)
[2023-03-04T23:19:16.874-0700][1243.812s]  Metaspace       used 52336K, capacity 52826K, committed 52992K, reserved 1095680K
[2023-03-04T23:19:16.874-0700][1243.812s]   class space    used 6147K, capacity 6328K, committed 6400K, reserved 1048576K
