[2023-03-04T23:19:20.911-0700][0.009s] Using G1
[2023-03-04T23:19:21.204-0700][0.302s] Version: 15.0.2+7-27 (release)
[2023-03-04T23:19:21.204-0700][0.302s] CPUs: 8 total, 8 available
[2023-03-04T23:19:21.204-0700][0.302s] Memory: 16384M
[2023-03-04T23:19:21.204-0700][0.302s] Large Page Support: Disabled
[2023-03-04T23:19:21.204-0700][0.302s] NUMA Support: Disabled
[2023-03-04T23:19:21.204-0700][0.302s] Compressed Oops: Enabled (Zero based)
[2023-03-04T23:19:21.204-0700][0.302s] Heap Region Size: 1M
[2023-03-04T23:19:21.204-0700][0.302s] Heap Min Capacity: 512M
[2023-03-04T23:19:21.204-0700][0.302s] Heap Initial Capacity: 512M
[2023-03-04T23:19:21.204-0700][0.302s] Heap Max Capacity: 512M
[2023-03-04T23:19:21.204-0700][0.302s] Pre-touch: Enabled
[2023-03-04T23:19:21.204-0700][0.302s] Parallel Workers: 8
[2023-03-04T23:19:21.204-0700][0.302s] Concurrent Workers: 2
[2023-03-04T23:19:21.204-0700][0.302s] Concurrent Refinement Workers: 8
[2023-03-04T23:19:21.204-0700][0.302s] Periodic GC: Disabled
[2023-03-04T23:19:21.205-0700][0.303s] Mark closed archive regions in map: [0x00000007fff00000, 0x00000007fff78ff8]
[2023-03-04T23:19:21.205-0700][0.303s] Mark open archive regions in map: [0x00000007ffe00000, 0x00000007ffe50ff8]
[2023-03-04T23:19:21.205-0700][0.303s] CDS archive(s) mapped at: [0x0000000800000000-0x0000000800b2d000-0x0000000800b2d000), size 11718656, SharedBaseAddress: 0x0000000800000000, ArchiveRelocationMode: 0.
[2023-03-04T23:19:21.205-0700][0.303s] Compressed class space mapped at: 0x0000000800b30000-0x0000000840b30000, size: 1073741824
[2023-03-04T23:19:21.205-0700][0.303s] Narrow klass base: 0x0000000800000000, Narrow klass shift: 3, Narrow klass range: 0x100000000
[2023-03-04T23:19:21.655-0700][0.753s] GC(0) Pause Young (Normal) (G1 Evacuation Pause)
[2023-03-04T23:19:21.656-0700][0.754s] GC(0) Using 8 workers of 8 for evacuation
[2023-03-04T23:19:21.658-0700][0.756s] GC(0)   Pre Evacuate Collection Set: 0.1ms
[2023-03-04T23:19:21.658-0700][0.756s] GC(0)   Merge Heap Roots: 0.1ms
[2023-03-04T23:19:21.658-0700][0.756s] GC(0)   Evacuate Collection Set: 1.7ms
[2023-03-04T23:19:21.658-0700][0.756s] GC(0)   Post Evacuate Collection Set: 0.5ms
[2023-03-04T23:19:21.658-0700][0.756s] GC(0)   Other: 0.6ms
[2023-03-04T23:19:21.658-0700][0.756s] GC(0) Eden regions: 29->0(54)
[2023-03-04T23:19:21.658-0700][0.756s] GC(0) Survivor regions: 0->4(4)
[2023-03-04T23:19:21.658-0700][0.756s] GC(0) Old regions: 0->0
[2023-03-04T23:19:21.658-0700][0.756s] GC(0) Archive regions: 2->2
[2023-03-04T23:19:21.658-0700][0.756s] GC(0) Humongous regions: 0->0
[2023-03-04T23:19:21.658-0700][0.756s] GC(0) Metaspace: 7228K(8064K)->7228K(8064K) NonClass: 6371K(7168K)->6371K(7168K) Class: 856K(896K)->856K(896K)
[2023-03-04T23:19:21.658-0700][0.756s] GC(0) Pause Young (Normal) (G1 Evacuation Pause) 29M->3M(512M) 3.036ms
[2023-03-04T23:19:21.658-0700][0.756s] GC(0) User=0.01s Sys=0.00s Real=0.00s
[2023-03-04T23:19:22.267-0700][1.365s] GC(1) Pause Young (Normal) (G1 Evacuation Pause)
[2023-03-04T23:19:22.267-0700][1.365s] GC(1) Using 8 workers of 8 for evacuation
[2023-03-04T23:19:22.274-0700][1.372s] GC(1)   Pre Evacuate Collection Set: 0.1ms
[2023-03-04T23:19:22.274-0700][1.372s] GC(1)   Merge Heap Roots: 0.1ms
[2023-03-04T23:19:22.274-0700][1.372s] GC(1)   Evacuate Collection Set: 6.2ms
[2023-03-04T23:19:22.274-0700][1.372s] GC(1)   Post Evacuate Collection Set: 0.6ms
[2023-03-04T23:19:22.274-0700][1.372s] GC(1)   Other: 0.2ms
[2023-03-04T23:19:22.274-0700][1.372s] GC(1) Eden regions: 54->0(77)
[2023-03-04T23:19:22.274-0700][1.372s] GC(1) Survivor regions: 4->8(8)
[2023-03-04T23:19:22.274-0700][1.372s] GC(1) Old regions: 0->11
[2023-03-04T23:19:22.274-0700][1.372s] GC(1) Archive regions: 2->2
[2023-03-04T23:19:22.274-0700][1.372s] GC(1) Humongous regions: 4->4
[2023-03-04T23:19:22.274-0700][1.372s] GC(1) Metaspace: 16245K(16896K)->16245K(16896K) NonClass: 14356K(14848K)->14356K(14848K) Class: 1889K(2048K)->1889K(2048K)
[2023-03-04T23:19:22.274-0700][1.372s] GC(1) Pause Young (Normal) (G1 Evacuation Pause) 61M->23M(512M) 7.262ms
[2023-03-04T23:19:22.274-0700][1.372s] GC(1) User=0.05s Sys=0.01s Real=0.01s
[2023-03-04T23:19:22.471-0700][1.569s] GC(2) Pause Young (Concurrent Start) (Metadata GC Threshold)
[2023-03-04T23:19:22.471-0700][1.569s] GC(2) Using 8 workers of 8 for evacuation
[2023-03-04T23:19:22.475-0700][1.573s] GC(2)   Pre Evacuate Collection Set: 0.1ms
[2023-03-04T23:19:22.475-0700][1.573s] GC(2)   Merge Heap Roots: 0.1ms
[2023-03-04T23:19:22.475-0700][1.573s] GC(2)   Evacuate Collection Set: 3.4ms
[2023-03-04T23:19:22.475-0700][1.573s] GC(2)   Post Evacuate Collection Set: 0.4ms
[2023-03-04T23:19:22.475-0700][1.573s] GC(2)   Other: 0.2ms
[2023-03-04T23:19:22.475-0700][1.573s] GC(2) Eden regions: 23->0(139)
[2023-03-04T23:19:22.475-0700][1.573s] GC(2) Survivor regions: 8->1(10)
[2023-03-04T23:19:22.475-0700][1.573s] GC(2) Old regions: 11->19
[2023-03-04T23:19:22.475-0700][1.573s] GC(2) Archive regions: 2->2
[2023-03-04T23:19:22.475-0700][1.573s] GC(2) Humongous regions: 4->4
[2023-03-04T23:19:22.475-0700][1.573s] GC(2) Metaspace: 20468K(21248K)->20468K(21248K) NonClass: 18145K(18688K)->18145K(18688K) Class: 2323K(2560K)->2323K(2560K)
[2023-03-04T23:19:22.475-0700][1.573s] GC(2) Pause Young (Concurrent Start) (Metadata GC Threshold) 46M->24M(512M) 4.401ms
[2023-03-04T23:19:22.475-0700][1.573s] GC(2) User=0.02s Sys=0.00s Real=0.00s
[2023-03-04T23:19:22.475-0700][1.573s] GC(3) Concurrent Cycle
[2023-03-04T23:19:22.475-0700][1.573s] GC(3) Concurrent Clear Claimed Marks
[2023-03-04T23:19:22.475-0700][1.573s] GC(3) Concurrent Clear Claimed Marks 0.017ms
[2023-03-04T23:19:22.475-0700][1.573s] GC(3) Concurrent Scan Root Regions
[2023-03-04T23:19:22.477-0700][1.575s] GC(3) Concurrent Scan Root Regions 1.594ms
[2023-03-04T23:19:22.477-0700][1.575s] GC(3) Concurrent Mark (1.575s)
[2023-03-04T23:19:22.477-0700][1.575s] GC(3) Concurrent Mark From Roots
[2023-03-04T23:19:22.477-0700][1.575s] GC(3) Using 2 workers of 2 for marking
[2023-03-04T23:19:22.484-0700][1.583s] GC(3) Concurrent Mark From Roots 7.444ms
[2023-03-04T23:19:22.485-0700][1.583s] GC(3) Concurrent Preclean
[2023-03-04T23:19:22.485-0700][1.583s] GC(3) Concurrent Preclean 0.075ms
[2023-03-04T23:19:22.485-0700][1.583s] GC(3) Concurrent Mark (1.575s, 1.583s) 7.574ms
[2023-03-04T23:19:22.485-0700][1.583s] GC(3) Pause Remark
[2023-03-04T23:19:22.486-0700][1.584s] GC(3) Pause Remark 25M->25M(512M) 1.035ms
[2023-03-04T23:19:22.486-0700][1.584s] GC(3) User=0.00s Sys=0.00s Real=0.00s
[2023-03-04T23:19:22.486-0700][1.584s] GC(3) Concurrent Rebuild Remembered Sets
[2023-03-04T23:19:22.492-0700][1.590s] GC(3) Concurrent Rebuild Remembered Sets 6.054ms
[2023-03-04T23:19:22.492-0700][1.590s] GC(3) Pause Cleanup
[2023-03-04T23:19:22.492-0700][1.590s] GC(3) Pause Cleanup 26M->26M(512M) 0.087ms
[2023-03-04T23:19:22.492-0700][1.590s] GC(3) User=0.00s Sys=0.00s Real=0.00s
[2023-03-04T23:19:22.492-0700][1.590s] GC(3) Concurrent Cleanup for Next Mark
[2023-03-04T23:19:22.493-0700][1.591s] GC(3) Concurrent Cleanup for Next Mark 0.700ms
[2023-03-04T23:19:22.493-0700][1.591s] GC(3) Concurrent Cycle 17.842ms
[2023-03-04T23:19:23.660-0700][2.758s] GC(4) Pause Young (Concurrent Start) (Metadata GC Threshold)
[2023-03-04T23:19:23.660-0700][2.758s] GC(4) Using 8 workers of 8 for evacuation
[2023-03-04T23:19:23.664-0700][2.762s] GC(4)   Pre Evacuate Collection Set: 0.1ms
[2023-03-04T23:19:23.664-0700][2.762s] GC(4)   Merge Heap Roots: 0.1ms
[2023-03-04T23:19:23.664-0700][2.762s] GC(4)   Evacuate Collection Set: 3.0ms
[2023-03-04T23:19:23.664-0700][2.762s] GC(4)   Post Evacuate Collection Set: 0.6ms
[2023-03-04T23:19:23.664-0700][2.762s] GC(4)   Other: 0.2ms
[2023-03-04T23:19:23.664-0700][2.762s] GC(4) Eden regions: 78->0(301)
[2023-03-04T23:19:23.664-0700][2.762s] GC(4) Survivor regions: 1->6(18)
[2023-03-04T23:19:23.664-0700][2.762s] GC(4) Old regions: 19->19
[2023-03-04T23:19:23.664-0700][2.762s] GC(4) Archive regions: 2->2
[2023-03-04T23:19:23.664-0700][2.762s] GC(4) Humongous regions: 4->4
[2023-03-04T23:19:23.664-0700][2.762s] GC(4) Metaspace: 34831K(35840K)->34831K(35840K) NonClass: 30784K(31616K)->30784K(31616K) Class: 4046K(4224K)->4046K(4224K)
[2023-03-04T23:19:23.664-0700][2.762s] GC(4) Pause Young (Concurrent Start) (Metadata GC Threshold) 101M->28M(512M) 4.089ms
[2023-03-04T23:19:23.664-0700][2.762s] GC(4) User=0.02s Sys=0.01s Real=0.00s
[2023-03-04T23:19:23.664-0700][2.762s] GC(5) Concurrent Cycle
[2023-03-04T23:19:23.664-0700][2.762s] GC(5) Concurrent Clear Claimed Marks
[2023-03-04T23:19:23.664-0700][2.762s] GC(5) Concurrent Clear Claimed Marks 0.038ms
[2023-03-04T23:19:23.665-0700][2.762s] GC(5) Concurrent Scan Root Regions
[2023-03-04T23:19:23.667-0700][2.765s] GC(5) Concurrent Scan Root Regions 2.200ms
[2023-03-04T23:19:23.667-0700][2.765s] GC(5) Concurrent Mark (2.765s)
[2023-03-04T23:19:23.667-0700][2.765s] GC(5) Concurrent Mark From Roots
[2023-03-04T23:19:23.667-0700][2.765s] GC(5) Using 2 workers of 2 for marking
[2023-03-04T23:19:23.680-0700][2.778s] GC(5) Concurrent Mark From Roots 13.484ms
[2023-03-04T23:19:23.680-0700][2.778s] GC(5) Concurrent Preclean
[2023-03-04T23:19:23.680-0700][2.778s] GC(5) Concurrent Preclean 0.064ms
[2023-03-04T23:19:23.680-0700][2.778s] GC(5) Concurrent Mark (2.765s, 2.778s) 13.617ms
[2023-03-04T23:19:23.681-0700][2.779s] GC(5) Pause Remark
[2023-03-04T23:19:23.682-0700][2.780s] GC(5) Pause Remark 30M->30M(512M) 1.481ms
[2023-03-04T23:19:23.682-0700][2.780s] GC(5) User=0.01s Sys=0.00s Real=0.00s
[2023-03-04T23:19:23.682-0700][2.780s] GC(5) Concurrent Rebuild Remembered Sets
[2023-03-04T23:19:23.689-0700][2.787s] GC(5) Concurrent Rebuild Remembered Sets 6.802ms
[2023-03-04T23:19:23.689-0700][2.787s] GC(5) Pause Cleanup
[2023-03-04T23:19:23.689-0700][2.787s] GC(5) Pause Cleanup 31M->31M(512M) 0.133ms
[2023-03-04T23:19:23.689-0700][2.787s] GC(5) User=0.00s Sys=0.00s Real=0.00s
[2023-03-04T23:19:23.689-0700][2.787s] GC(5) Concurrent Cleanup for Next Mark
[2023-03-04T23:19:23.690-0700][2.788s] GC(5) Concurrent Cleanup for Next Mark 0.847ms
[2023-03-04T23:19:23.690-0700][2.788s] GC(5) Concurrent Cycle 25.786ms
[2023-03-04T23:55:12.735-0700][2151.813s] Heap
[2023-03-04T23:55:12.735-0700][2151.813s]  garbage-first heap   total 524288K, used 207621K [0x00000007e0000000, 0x0000000800000000)
[2023-03-04T23:55:12.735-0700][2151.813s]   region size 1024K, 181 young (185344K), 6 survivors (6144K)
[2023-03-04T23:55:12.735-0700][2151.813s]  Metaspace       used 52464K, capacity 52952K, committed 54016K, reserved 1097728K
[2023-03-04T23:55:12.735-0700][2151.813s]   class space    used 6194K, capacity 6368K, committed 6400K, reserved 1048576K
