[2023-03-05T00:03:47.227-0700][0.014s] Using G1
[2023-03-05T00:03:47.439-0700][0.227s] Version: 15.0.2+7-27 (release)
[2023-03-05T00:03:47.439-0700][0.227s] CPUs: 8 total, 8 available
[2023-03-05T00:03:47.439-0700][0.227s] Memory: 16384M
[2023-03-05T00:03:47.439-0700][0.227s] Large Page Support: Disabled
[2023-03-05T00:03:47.439-0700][0.227s] NUMA Support: Disabled
[2023-03-05T00:03:47.439-0700][0.227s] Compressed Oops: Enabled (Zero based)
[2023-03-05T00:03:47.439-0700][0.227s] Heap Region Size: 1M
[2023-03-05T00:03:47.439-0700][0.227s] Heap Min Capacity: 512M
[2023-03-05T00:03:47.439-0700][0.227s] Heap Initial Capacity: 512M
[2023-03-05T00:03:47.439-0700][0.227s] Heap Max Capacity: 512M
[2023-03-05T00:03:47.439-0700][0.227s] Pre-touch: Enabled
[2023-03-05T00:03:47.439-0700][0.227s] Parallel Workers: 8
[2023-03-05T00:03:47.439-0700][0.227s] Concurrent Workers: 2
[2023-03-05T00:03:47.439-0700][0.227s] Concurrent Refinement Workers: 8
[2023-03-05T00:03:47.439-0700][0.227s] Periodic GC: Disabled
[2023-03-05T00:03:47.440-0700][0.227s] Mark closed archive regions in map: [0x00000007fff00000, 0x00000007fff78ff8]
[2023-03-05T00:03:47.440-0700][0.228s] Mark open archive regions in map: [0x00000007ffe00000, 0x00000007ffe50ff8]
[2023-03-05T00:03:47.440-0700][0.228s] CDS archive(s) mapped at: [0x0000000800000000-0x0000000800b2d000-0x0000000800b2d000), size 11718656, SharedBaseAddress: 0x0000000800000000, ArchiveRelocationMode: 0.
[2023-03-05T00:03:47.440-0700][0.228s] Compressed class space mapped at: 0x0000000800b30000-0x0000000840b30000, size: 1073741824
[2023-03-05T00:03:47.440-0700][0.228s] Narrow klass base: 0x0000000800000000, Narrow klass shift: 3, Narrow klass range: 0x100000000
[2023-03-05T00:03:48.006-0700][0.793s] GC(0) Pause Young (Normal) (G1 Evacuation Pause)
[2023-03-05T00:03:48.006-0700][0.794s] GC(0) Using 8 workers of 8 for evacuation
[2023-03-05T00:03:48.009-0700][0.796s] GC(0)   Pre Evacuate Collection Set: 0.1ms
[2023-03-05T00:03:48.009-0700][0.796s] GC(0)   Merge Heap Roots: 0.0ms
[2023-03-05T00:03:48.009-0700][0.796s] GC(0)   Evacuate Collection Set: 2.0ms
[2023-03-05T00:03:48.009-0700][0.796s] GC(0)   Post Evacuate Collection Set: 0.4ms
[2023-03-05T00:03:48.009-0700][0.796s] GC(0)   Other: 0.6ms
[2023-03-05T00:03:48.009-0700][0.796s] GC(0) Eden regions: 29->0(54)
[2023-03-05T00:03:48.009-0700][0.796s] GC(0) Survivor regions: 0->4(4)
[2023-03-05T00:03:48.009-0700][0.796s] GC(0) Old regions: 0->0
[2023-03-05T00:03:48.009-0700][0.796s] GC(0) Archive regions: 2->2
[2023-03-05T00:03:48.009-0700][0.796s] GC(0) Humongous regions: 0->0
[2023-03-05T00:03:48.009-0700][0.796s] GC(0) Metaspace: 6861K(8064K)->6861K(8064K) NonClass: 6048K(7168K)->6048K(7168K) Class: 812K(896K)->812K(896K)
[2023-03-05T00:03:48.009-0700][0.796s] GC(0) Pause Young (Normal) (G1 Evacuation Pause) 29M->3M(512M) 3.325ms
[2023-03-05T00:03:48.009-0700][0.796s] GC(0) User=0.02s Sys=0.00s Real=0.00s
[2023-03-05T00:03:48.803-0700][1.590s] GC(1) Pause Young (Normal) (G1 Evacuation Pause)
[2023-03-05T00:03:48.803-0700][1.590s] GC(1) Using 8 workers of 8 for evacuation
[2023-03-05T00:03:48.811-0700][1.598s] GC(1)   Pre Evacuate Collection Set: 0.1ms
[2023-03-05T00:03:48.811-0700][1.598s] GC(1)   Merge Heap Roots: 0.0ms
[2023-03-05T00:03:48.811-0700][1.598s] GC(1)   Evacuate Collection Set: 7.0ms
[2023-03-05T00:03:48.811-0700][1.598s] GC(1)   Post Evacuate Collection Set: 0.7ms
[2023-03-05T00:03:48.811-0700][1.598s] GC(1)   Other: 0.2ms
[2023-03-05T00:03:48.811-0700][1.598s] GC(1) Eden regions: 54->0(76)
[2023-03-05T00:03:48.811-0700][1.598s] GC(1) Survivor regions: 4->8(8)
[2023-03-05T00:03:48.811-0700][1.598s] GC(1) Old regions: 0->11
[2023-03-05T00:03:48.811-0700][1.598s] GC(1) Archive regions: 2->2
[2023-03-05T00:03:48.811-0700][1.598s] GC(1) Humongous regions: 4->4
[2023-03-05T00:03:48.811-0700][1.598s] GC(1) Metaspace: 16262K(16896K)->16262K(16896K) NonClass: 14372K(14848K)->14372K(14848K) Class: 1890K(2048K)->1890K(2048K)
[2023-03-05T00:03:48.811-0700][1.598s] GC(1) Pause Young (Normal) (G1 Evacuation Pause) 61M->23M(512M) 8.172ms
[2023-03-05T00:03:48.811-0700][1.598s] GC(1) User=0.05s Sys=0.00s Real=0.01s
[2023-03-05T00:03:49.093-0700][1.881s] GC(2) Pause Young (Concurrent Start) (Metadata GC Threshold)
[2023-03-05T00:03:49.093-0700][1.881s] GC(2) Using 8 workers of 8 for evacuation
[2023-03-05T00:03:49.096-0700][1.884s] GC(2)   Pre Evacuate Collection Set: 0.1ms
[2023-03-05T00:03:49.096-0700][1.884s] GC(2)   Merge Heap Roots: 0.1ms
[2023-03-05T00:03:49.096-0700][1.884s] GC(2)   Evacuate Collection Set: 2.7ms
[2023-03-05T00:03:49.096-0700][1.884s] GC(2)   Post Evacuate Collection Set: 0.3ms
[2023-03-05T00:03:49.097-0700][1.884s] GC(2)   Other: 0.2ms
[2023-03-05T00:03:49.097-0700][1.884s] GC(2) Eden regions: 24->0(139)
[2023-03-05T00:03:49.097-0700][1.884s] GC(2) Survivor regions: 8->1(10)
[2023-03-05T00:03:49.097-0700][1.884s] GC(2) Old regions: 11->20
[2023-03-05T00:03:49.097-0700][1.884s] GC(2) Archive regions: 2->2
[2023-03-05T00:03:49.097-0700][1.884s] GC(2) Humongous regions: 4->4
[2023-03-05T00:03:49.097-0700][1.884s] GC(2) Metaspace: 20509K(21248K)->20509K(21248K) NonClass: 18184K(18688K)->18184K(18688K) Class: 2325K(2560K)->2325K(2560K)
[2023-03-05T00:03:49.097-0700][1.884s] GC(2) Pause Young (Concurrent Start) (Metadata GC Threshold) 47M->25M(512M) 3.362ms
[2023-03-05T00:03:49.097-0700][1.884s] GC(2) User=0.02s Sys=0.00s Real=0.00s
[2023-03-05T00:03:49.097-0700][1.884s] GC(3) Concurrent Cycle
[2023-03-05T00:03:49.097-0700][1.884s] GC(3) Concurrent Clear Claimed Marks
[2023-03-05T00:03:49.097-0700][1.884s] GC(3) Concurrent Clear Claimed Marks 0.018ms
[2023-03-05T00:03:49.097-0700][1.884s] GC(3) Concurrent Scan Root Regions
[2023-03-05T00:03:49.098-0700][1.885s] GC(3) Concurrent Scan Root Regions 1.109ms
[2023-03-05T00:03:49.098-0700][1.885s] GC(3) Concurrent Mark (1.885s)
[2023-03-05T00:03:49.098-0700][1.885s] GC(3) Concurrent Mark From Roots
[2023-03-05T00:03:49.098-0700][1.885s] GC(3) Using 2 workers of 2 for marking
[2023-03-05T00:03:49.106-0700][1.893s] GC(3) Concurrent Mark From Roots 7.921ms
[2023-03-05T00:03:49.106-0700][1.893s] GC(3) Concurrent Preclean
[2023-03-05T00:03:49.106-0700][1.893s] GC(3) Concurrent Preclean 0.083ms
[2023-03-05T00:03:49.106-0700][1.893s] GC(3) Concurrent Mark (1.885s, 1.893s) 8.058ms
[2023-03-05T00:03:49.106-0700][1.893s] GC(3) Pause Remark
[2023-03-05T00:03:49.107-0700][1.894s] GC(3) Pause Remark 26M->26M(512M) 1.039ms
[2023-03-05T00:03:49.107-0700][1.894s] GC(3) User=0.01s Sys=0.00s Real=0.00s
[2023-03-05T00:03:49.107-0700][1.894s] GC(3) Concurrent Rebuild Remembered Sets
[2023-03-05T00:03:49.113-0700][1.900s] GC(3) Concurrent Rebuild Remembered Sets 5.973ms
[2023-03-05T00:03:49.113-0700][1.901s] GC(3) Pause Cleanup
[2023-03-05T00:03:49.114-0700][1.901s] GC(3) Pause Cleanup 27M->27M(512M) 0.096ms
[2023-03-05T00:03:49.114-0700][1.901s] GC(3) User=0.00s Sys=0.00s Real=0.00s
[2023-03-05T00:03:49.114-0700][1.901s] GC(3) Concurrent Cleanup for Next Mark
[2023-03-05T00:03:49.114-0700][1.902s] GC(3) Concurrent Cleanup for Next Mark 0.789ms
[2023-03-05T00:03:49.114-0700][1.902s] GC(3) Concurrent Cycle 17.810ms
[2023-03-05T00:03:50.217-0700][3.004s] GC(4) Pause Young (Concurrent Start) (Metadata GC Threshold)
[2023-03-05T00:03:50.217-0700][3.004s] GC(4) Using 8 workers of 8 for evacuation
[2023-03-05T00:03:50.221-0700][3.008s] GC(4)   Pre Evacuate Collection Set: 0.1ms
[2023-03-05T00:03:50.221-0700][3.008s] GC(4)   Merge Heap Roots: 0.0ms
[2023-03-05T00:03:50.221-0700][3.008s] GC(4)   Evacuate Collection Set: 3.6ms
[2023-03-05T00:03:50.221-0700][3.008s] GC(4)   Post Evacuate Collection Set: 0.4ms
[2023-03-05T00:03:50.221-0700][3.008s] GC(4)   Other: 0.1ms
[2023-03-05T00:03:50.221-0700][3.008s] GC(4) Eden regions: 78->0(301)
[2023-03-05T00:03:50.221-0700][3.008s] GC(4) Survivor regions: 1->6(18)
[2023-03-05T00:03:50.221-0700][3.008s] GC(4) Old regions: 20->20
[2023-03-05T00:03:50.221-0700][3.008s] GC(4) Archive regions: 2->2
[2023-03-05T00:03:50.221-0700][3.008s] GC(4) Humongous regions: 4->4
[2023-03-05T00:03:50.221-0700][3.008s] GC(4) Metaspace: 34859K(35840K)->34859K(35840K) NonClass: 30817K(31616K)->30817K(31616K) Class: 4042K(4224K)->4042K(4224K)
[2023-03-05T00:03:50.221-0700][3.008s] GC(4) Pause Young (Concurrent Start) (Metadata GC Threshold) 103M->29M(512M) 4.419ms
[2023-03-05T00:03:50.221-0700][3.008s] GC(4) User=0.02s Sys=0.00s Real=0.01s
[2023-03-05T00:03:50.221-0700][3.008s] GC(5) Concurrent Cycle
[2023-03-05T00:03:50.221-0700][3.008s] GC(5) Concurrent Clear Claimed Marks
[2023-03-05T00:03:50.221-0700][3.008s] GC(5) Concurrent Clear Claimed Marks 0.019ms
[2023-03-05T00:03:50.221-0700][3.008s] GC(5) Concurrent Scan Root Regions
[2023-03-05T00:03:50.223-0700][3.010s] GC(5) Concurrent Scan Root Regions 2.067ms
[2023-03-05T00:03:50.223-0700][3.010s] GC(5) Concurrent Mark (3.010s)
[2023-03-05T00:03:50.223-0700][3.010s] GC(5) Concurrent Mark From Roots
[2023-03-05T00:03:50.223-0700][3.010s] GC(5) Using 2 workers of 2 for marking
[2023-03-05T00:03:50.236-0700][3.024s] GC(5) Concurrent Mark From Roots 13.324ms
[2023-03-05T00:03:50.237-0700][3.024s] GC(5) Concurrent Preclean
[2023-03-05T00:03:50.237-0700][3.024s] GC(5) Concurrent Preclean 0.095ms
[2023-03-05T00:03:50.237-0700][3.024s] GC(5) Concurrent Mark (3.010s, 3.024s) 13.493ms
[2023-03-05T00:03:50.237-0700][3.024s] GC(5) Pause Remark
[2023-03-05T00:03:50.239-0700][3.026s] GC(5) Pause Remark 31M->31M(512M) 1.633ms
[2023-03-05T00:03:50.239-0700][3.026s] GC(5) User=0.01s Sys=0.00s Real=0.00s
[2023-03-05T00:03:50.239-0700][3.026s] GC(5) Concurrent Rebuild Remembered Sets
[2023-03-05T00:03:50.247-0700][3.034s] GC(5) Concurrent Rebuild Remembered Sets 8.263ms
[2023-03-05T00:03:50.247-0700][3.035s] GC(5) Pause Cleanup
[2023-03-05T00:03:50.247-0700][3.035s] GC(5) Pause Cleanup 32M->32M(512M) 0.130ms
[2023-03-05T00:03:50.247-0700][3.035s] GC(5) User=0.00s Sys=0.00s Real=0.00s
[2023-03-05T00:03:50.248-0700][3.035s] GC(5) Concurrent Cleanup for Next Mark
[2023-03-05T00:03:50.248-0700][3.036s] GC(5) Concurrent Cleanup for Next Mark 0.830ms
[2023-03-05T00:03:50.248-0700][3.036s] GC(5) Concurrent Cycle 27.467ms
[2023-03-05T00:04:23.572-0700][36.359s] Heap
[2023-03-05T00:04:23.573-0700][36.360s]  garbage-first heap   total 524288K, used 145375K [0x00000007e0000000, 0x0000000800000000)
[2023-03-05T00:04:23.573-0700][36.360s]   region size 1024K, 119 young (121856K), 6 survivors (6144K)
[2023-03-05T00:04:23.573-0700][36.360s]  Metaspace       used 48731K, capacity 49163K, committed 50304K, reserved 1093632K
[2023-03-05T00:04:23.573-0700][36.360s]   class space    used 5795K, capacity 5934K, committed 6016K, reserved 1048576K
