[2023-03-09T23:25:07.046-0700][0.011s] Using G1
[2023-03-09T23:25:07.449-0700][0.414s] Version: 15.0.2+7-27 (release)
[2023-03-09T23:25:07.449-0700][0.414s] CPUs: 8 total, 8 available
[2023-03-09T23:25:07.449-0700][0.414s] Memory: 16384M
[2023-03-09T23:25:07.449-0700][0.414s] Large Page Support: Disabled
[2023-03-09T23:25:07.449-0700][0.414s] NUMA Support: Disabled
[2023-03-09T23:25:07.449-0700][0.414s] Compressed Oops: Enabled (Zero based)
[2023-03-09T23:25:07.449-0700][0.414s] Heap Region Size: 1M
[2023-03-09T23:25:07.449-0700][0.414s] Heap Min Capacity: 512M
[2023-03-09T23:25:07.449-0700][0.414s] Heap Initial Capacity: 512M
[2023-03-09T23:25:07.449-0700][0.414s] Heap Max Capacity: 512M
[2023-03-09T23:25:07.449-0700][0.414s] Pre-touch: Enabled
[2023-03-09T23:25:07.449-0700][0.414s] Parallel Workers: 8
[2023-03-09T23:25:07.449-0700][0.414s] Concurrent Workers: 2
[2023-03-09T23:25:07.449-0700][0.414s] Concurrent Refinement Workers: 8
[2023-03-09T23:25:07.449-0700][0.414s] Periodic GC: Disabled
[2023-03-09T23:25:07.450-0700][0.415s] Mark closed archive regions in map: [0x00000007fff00000, 0x00000007fff78ff8]
[2023-03-09T23:25:07.450-0700][0.415s] Mark open archive regions in map: [0x00000007ffe00000, 0x00000007ffe50ff8]
[2023-03-09T23:25:07.450-0700][0.415s] CDS archive(s) mapped at: [0x0000000800000000-0x0000000800b2d000-0x0000000800b2d000), size 11718656, SharedBaseAddress: 0x0000000800000000, ArchiveRelocationMode: 0.
[2023-03-09T23:25:07.450-0700][0.415s] Compressed class space mapped at: 0x0000000800b30000-0x0000000840b30000, size: 1073741824
[2023-03-09T23:25:07.450-0700][0.416s] Narrow klass base: 0x0000000800000000, Narrow klass shift: 3, Narrow klass range: 0x100000000
[2023-03-09T23:25:08.098-0700][1.063s] GC(0) Pause Young (Normal) (G1 Evacuation Pause)
[2023-03-09T23:25:08.098-0700][1.063s] GC(0) Using 8 workers of 8 for evacuation
[2023-03-09T23:25:08.101-0700][1.066s] GC(0)   Pre Evacuate Collection Set: 0.1ms
[2023-03-09T23:25:08.101-0700][1.066s] GC(0)   Merge Heap Roots: 0.2ms
[2023-03-09T23:25:08.101-0700][1.066s] GC(0)   Evacuate Collection Set: 2.2ms
[2023-03-09T23:25:08.101-0700][1.066s] GC(0)   Post Evacuate Collection Set: 0.4ms
[2023-03-09T23:25:08.101-0700][1.066s] GC(0)   Other: 0.8ms
[2023-03-09T23:25:08.101-0700][1.066s] GC(0) Eden regions: 29->0(54)
[2023-03-09T23:25:08.101-0700][1.066s] GC(0) Survivor regions: 0->4(4)
[2023-03-09T23:25:08.101-0700][1.067s] GC(0) Old regions: 0->0
[2023-03-09T23:25:08.101-0700][1.067s] GC(0) Archive regions: 2->2
[2023-03-09T23:25:08.101-0700][1.067s] GC(0) Humongous regions: 0->0
[2023-03-09T23:25:08.101-0700][1.067s] GC(0) Metaspace: 6861K(8064K)->6861K(8064K) NonClass: 6049K(7168K)->6049K(7168K) Class: 812K(896K)->812K(896K)
[2023-03-09T23:25:08.101-0700][1.067s] GC(0) Pause Young (Normal) (G1 Evacuation Pause) 29M->3M(512M) 3.890ms
[2023-03-09T23:25:08.102-0700][1.067s] GC(0) User=0.02s Sys=0.00s Real=0.01s
[2023-03-09T23:25:09.182-0700][2.147s] GC(1) Pause Young (Normal) (G1 Evacuation Pause)
[2023-03-09T23:25:09.182-0700][2.147s] GC(1) Using 8 workers of 8 for evacuation
[2023-03-09T23:25:09.190-0700][2.155s] GC(1)   Pre Evacuate Collection Set: 0.1ms
[2023-03-09T23:25:09.190-0700][2.155s] GC(1)   Merge Heap Roots: 0.1ms
[2023-03-09T23:25:09.190-0700][2.155s] GC(1)   Evacuate Collection Set: 7.1ms
[2023-03-09T23:25:09.190-0700][2.155s] GC(1)   Post Evacuate Collection Set: 0.7ms
[2023-03-09T23:25:09.190-0700][2.155s] GC(1)   Other: 0.2ms
[2023-03-09T23:25:09.190-0700][2.155s] GC(1) Eden regions: 53->0(77)
[2023-03-09T23:25:09.190-0700][2.155s] GC(1) Survivor regions: 4->8(8)
[2023-03-09T23:25:09.190-0700][2.155s] GC(1) Old regions: 0->11
[2023-03-09T23:25:09.190-0700][2.155s] GC(1) Archive regions: 2->2
[2023-03-09T23:25:09.190-0700][2.155s] GC(1) Humongous regions: 4->4
[2023-03-09T23:25:09.190-0700][2.155s] GC(1) Metaspace: 16191K(16640K)->16191K(16640K) NonClass: 14313K(14592K)->14313K(14592K) Class: 1878K(2048K)->1878K(2048K)
[2023-03-09T23:25:09.190-0700][2.155s] GC(1) Pause Young (Normal) (G1 Evacuation Pause) 60M->23M(512M) 8.315ms
[2023-03-09T23:25:09.190-0700][2.155s] GC(1) User=0.05s Sys=0.00s Real=0.01s
[2023-03-09T23:25:09.518-0700][2.483s] GC(2) Pause Young (Concurrent Start) (Metadata GC Threshold)
[2023-03-09T23:25:09.518-0700][2.483s] GC(2) Using 8 workers of 8 for evacuation
[2023-03-09T23:25:09.521-0700][2.486s] GC(2)   Pre Evacuate Collection Set: 0.1ms
[2023-03-09T23:25:09.521-0700][2.486s] GC(2)   Merge Heap Roots: 0.1ms
[2023-03-09T23:25:09.521-0700][2.486s] GC(2)   Evacuate Collection Set: 2.7ms
[2023-03-09T23:25:09.521-0700][2.486s] GC(2)   Post Evacuate Collection Set: 0.4ms
[2023-03-09T23:25:09.521-0700][2.486s] GC(2)   Other: 0.2ms
[2023-03-09T23:25:09.521-0700][2.486s] GC(2) Eden regions: 26->0(137)
[2023-03-09T23:25:09.521-0700][2.486s] GC(2) Survivor regions: 8->1(9)
[2023-03-09T23:25:09.521-0700][2.486s] GC(2) Old regions: 11->19
[2023-03-09T23:25:09.521-0700][2.486s] GC(2) Archive regions: 2->2
[2023-03-09T23:25:09.521-0700][2.486s] GC(2) Humongous regions: 4->4
[2023-03-09T23:25:09.521-0700][2.486s] GC(2) Metaspace: 20603K(21248K)->20603K(21248K) NonClass: 18274K(18688K)->18274K(18688K) Class: 2328K(2560K)->2328K(2560K)
[2023-03-09T23:25:09.521-0700][2.486s] GC(2) Pause Young (Concurrent Start) (Metadata GC Threshold) 49M->24M(512M) 3.496ms
[2023-03-09T23:25:09.521-0700][2.486s] GC(2) User=0.02s Sys=0.00s Real=0.01s
[2023-03-09T23:25:09.521-0700][2.486s] GC(3) Concurrent Cycle
[2023-03-09T23:25:09.521-0700][2.486s] GC(3) Concurrent Clear Claimed Marks
[2023-03-09T23:25:09.521-0700][2.486s] GC(3) Concurrent Clear Claimed Marks 0.018ms
[2023-03-09T23:25:09.521-0700][2.486s] GC(3) Concurrent Scan Root Regions
[2023-03-09T23:25:09.523-0700][2.488s] GC(3) Concurrent Scan Root Regions 1.421ms
[2023-03-09T23:25:09.523-0700][2.488s] GC(3) Concurrent Mark (2.488s)
[2023-03-09T23:25:09.523-0700][2.488s] GC(3) Concurrent Mark From Roots
[2023-03-09T23:25:09.523-0700][2.488s] GC(3) Using 2 workers of 2 for marking
[2023-03-09T23:25:09.533-0700][2.499s] GC(3) Concurrent Mark From Roots 10.565ms
[2023-03-09T23:25:09.534-0700][2.499s] GC(3) Concurrent Preclean
[2023-03-09T23:25:09.534-0700][2.499s] GC(3) Concurrent Preclean 0.157ms
[2023-03-09T23:25:09.534-0700][2.499s] GC(3) Concurrent Mark (2.488s, 2.499s) 10.862ms
[2023-03-09T23:25:09.534-0700][2.499s] GC(3) Pause Remark
[2023-03-09T23:25:09.535-0700][2.500s] GC(3) Pause Remark 25M->25M(512M) 1.488ms
[2023-03-09T23:25:09.535-0700][2.501s] GC(3) User=0.00s Sys=0.00s Real=0.00s
[2023-03-09T23:25:09.535-0700][2.501s] GC(3) Concurrent Rebuild Remembered Sets
[2023-03-09T23:25:09.544-0700][2.509s] GC(3) Concurrent Rebuild Remembered Sets 8.751ms
[2023-03-09T23:25:09.545-0700][2.510s] GC(3) Pause Cleanup
[2023-03-09T23:25:09.545-0700][2.510s] GC(3) Pause Cleanup 26M->26M(512M) 0.109ms
[2023-03-09T23:25:09.545-0700][2.510s] GC(3) User=0.00s Sys=0.01s Real=0.00s
[2023-03-09T23:25:09.545-0700][2.510s] GC(3) Concurrent Cleanup for Next Mark
[2023-03-09T23:25:09.546-0700][2.511s] GC(3) Concurrent Cleanup for Next Mark 1.105ms
[2023-03-09T23:25:09.546-0700][2.511s] GC(3) Concurrent Cycle 24.496ms
[2023-03-09T23:25:10.943-0700][3.908s] GC(4) Pause Young (Concurrent Start) (Metadata GC Threshold)
[2023-03-09T23:25:10.943-0700][3.908s] GC(4) Using 8 workers of 8 for evacuation
[2023-03-09T23:25:10.947-0700][3.912s] GC(4)   Pre Evacuate Collection Set: 0.1ms
[2023-03-09T23:25:10.947-0700][3.912s] GC(4)   Merge Heap Roots: 0.1ms
[2023-03-09T23:25:10.947-0700][3.912s] GC(4)   Evacuate Collection Set: 3.3ms
[2023-03-09T23:25:10.947-0700][3.912s] GC(4)   Post Evacuate Collection Set: 0.6ms
[2023-03-09T23:25:10.947-0700][3.912s] GC(4)   Other: 0.2ms
[2023-03-09T23:25:10.947-0700][3.912s] GC(4) Eden regions: 83->0(301)
[2023-03-09T23:25:10.947-0700][3.912s] GC(4) Survivor regions: 1->6(18)
[2023-03-09T23:25:10.947-0700][3.912s] GC(4) Old regions: 19->19
[2023-03-09T23:25:10.947-0700][3.912s] GC(4) Archive regions: 2->2
[2023-03-09T23:25:10.947-0700][3.912s] GC(4) Humongous regions: 4->4
[2023-03-09T23:25:10.947-0700][3.912s] GC(4) Metaspace: 34962K(35840K)->34962K(35840K) NonClass: 30905K(31616K)->30905K(31616K) Class: 4056K(4224K)->4056K(4224K)
[2023-03-09T23:25:10.947-0700][3.912s] GC(4) Pause Young (Concurrent Start) (Metadata GC Threshold) 107M->29M(512M) 4.357ms
[2023-03-09T23:25:10.947-0700][3.912s] GC(4) User=0.03s Sys=0.01s Real=0.00s
[2023-03-09T23:25:10.947-0700][3.912s] GC(5) Concurrent Cycle
[2023-03-09T23:25:10.947-0700][3.912s] GC(5) Concurrent Clear Claimed Marks
[2023-03-09T23:25:10.947-0700][3.912s] GC(5) Concurrent Clear Claimed Marks 0.019ms
[2023-03-09T23:25:10.947-0700][3.912s] GC(5) Concurrent Scan Root Regions
[2023-03-09T23:25:10.950-0700][3.915s] GC(5) Concurrent Scan Root Regions 2.268ms
[2023-03-09T23:25:10.950-0700][3.915s] GC(5) Concurrent Mark (3.915s)
[2023-03-09T23:25:10.950-0700][3.915s] GC(5) Concurrent Mark From Roots
[2023-03-09T23:25:10.950-0700][3.915s] GC(5) Using 2 workers of 2 for marking
[2023-03-09T23:25:10.960-0700][3.925s] GC(5) Concurrent Mark From Roots 10.633ms
[2023-03-09T23:25:10.960-0700][3.925s] GC(5) Concurrent Preclean
[2023-03-09T23:25:10.960-0700][3.925s] GC(5) Concurrent Preclean 0.072ms
[2023-03-09T23:25:10.960-0700][3.925s] GC(5) Concurrent Mark (3.915s, 3.925s) 10.758ms
[2023-03-09T23:25:10.960-0700][3.926s] GC(5) Pause Remark
[2023-03-09T23:25:10.962-0700][3.927s] GC(5) Pause Remark 31M->31M(512M) 1.105ms
[2023-03-09T23:25:10.962-0700][3.927s] GC(5) User=0.00s Sys=0.00s Real=0.00s
[2023-03-09T23:25:10.962-0700][3.927s] GC(5) Concurrent Rebuild Remembered Sets
[2023-03-09T23:25:10.967-0700][3.932s] GC(5) Concurrent Rebuild Remembered Sets 5.607ms
[2023-03-09T23:25:10.968-0700][3.933s] GC(5) Pause Cleanup
[2023-03-09T23:25:10.968-0700][3.933s] GC(5) Pause Cleanup 31M->31M(512M) 0.097ms
[2023-03-09T23:25:10.968-0700][3.933s] GC(5) User=0.00s Sys=0.00s Real=0.00s
[2023-03-09T23:25:10.968-0700][3.933s] GC(5) Concurrent Cleanup for Next Mark
[2023-03-09T23:25:10.969-0700][3.934s] GC(5) Concurrent Cleanup for Next Mark 0.683ms
[2023-03-09T23:25:10.969-0700][3.934s] GC(5) Concurrent Cycle 21.295ms
[2023-03-09T23:43:38.110-0700][1111.061s] Heap
[2023-03-09T23:43:38.111-0700][1111.061s]  garbage-first heap   total 524288K, used 203945K [0x00000007e0000000, 0x0000000800000000)
[2023-03-09T23:43:38.111-0700][1111.061s]   region size 1024K, 177 young (181248K), 6 survivors (6144K)
[2023-03-09T23:43:38.111-0700][1111.061s]  Metaspace       used 52869K, capacity 53387K, committed 54272K, reserved 1097728K
[2023-03-09T23:43:38.111-0700][1111.061s]   class space    used 6208K, capacity 6365K, committed 6400K, reserved 1048576K
