[2023-03-09T23:43:44.198-0700][0.013s] Using G1
[2023-03-09T23:43:44.633-0700][0.448s] Version: 15.0.2+7-27 (release)
[2023-03-09T23:43:44.633-0700][0.448s] CPUs: 8 total, 8 available
[2023-03-09T23:43:44.633-0700][0.448s] Memory: 16384M
[2023-03-09T23:43:44.633-0700][0.448s] Large Page Support: Disabled
[2023-03-09T23:43:44.633-0700][0.448s] NUMA Support: Disabled
[2023-03-09T23:43:44.633-0700][0.448s] Compressed Oops: Enabled (Zero based)
[2023-03-09T23:43:44.633-0700][0.448s] Heap Region Size: 1M
[2023-03-09T23:43:44.634-0700][0.448s] Heap Min Capacity: 512M
[2023-03-09T23:43:44.634-0700][0.448s] Heap Initial Capacity: 512M
[2023-03-09T23:43:44.634-0700][0.448s] Heap Max Capacity: 512M
[2023-03-09T23:43:44.634-0700][0.448s] Pre-touch: Enabled
[2023-03-09T23:43:44.634-0700][0.448s] Parallel Workers: 8
[2023-03-09T23:43:44.634-0700][0.449s] Concurrent Workers: 2
[2023-03-09T23:43:44.634-0700][0.449s] Concurrent Refinement Workers: 8
[2023-03-09T23:43:44.634-0700][0.449s] Periodic GC: Disabled
[2023-03-09T23:43:44.635-0700][0.450s] Mark closed archive regions in map: [0x00000007fff00000, 0x00000007fff78ff8]
[2023-03-09T23:43:44.635-0700][0.450s] Mark open archive regions in map: [0x00000007ffe00000, 0x00000007ffe50ff8]
[2023-03-09T23:43:44.635-0700][0.450s] CDS archive(s) mapped at: [0x0000000800000000-0x0000000800b2d000-0x0000000800b2d000), size 11718656, SharedBaseAddress: 0x0000000800000000, ArchiveRelocationMode: 0.
[2023-03-09T23:43:44.635-0700][0.450s] Compressed class space mapped at: 0x0000000800b30000-0x0000000840b30000, size: 1073741824
[2023-03-09T23:43:44.635-0700][0.450s] Narrow klass base: 0x0000000800000000, Narrow klass shift: 3, Narrow klass range: 0x100000000
[2023-03-09T23:43:45.202-0700][1.017s] GC(0) Pause Young (Normal) (G1 Evacuation Pause)
[2023-03-09T23:43:45.203-0700][1.017s] GC(0) Using 8 workers of 8 for evacuation
[2023-03-09T23:43:45.205-0700][1.020s] GC(0)   Pre Evacuate Collection Set: 0.1ms
[2023-03-09T23:43:45.205-0700][1.020s] GC(0)   Merge Heap Roots: 0.0ms
[2023-03-09T23:43:45.205-0700][1.020s] GC(0)   Evacuate Collection Set: 2.2ms
[2023-03-09T23:43:45.205-0700][1.020s] GC(0)   Post Evacuate Collection Set: 0.4ms
[2023-03-09T23:43:45.205-0700][1.020s] GC(0)   Other: 0.7ms
[2023-03-09T23:43:45.206-0700][1.020s] GC(0) Eden regions: 29->0(54)
[2023-03-09T23:43:45.206-0700][1.020s] GC(0) Survivor regions: 0->4(4)
[2023-03-09T23:43:45.206-0700][1.020s] GC(0) Old regions: 0->0
[2023-03-09T23:43:45.206-0700][1.020s] GC(0) Archive regions: 2->2
[2023-03-09T23:43:45.206-0700][1.021s] GC(0) Humongous regions: 0->0
[2023-03-09T23:43:45.206-0700][1.021s] GC(0) Metaspace: 6853K(8064K)->6853K(8064K) NonClass: 6041K(7168K)->6041K(7168K) Class: 812K(896K)->812K(896K)
[2023-03-09T23:43:45.206-0700][1.021s] GC(0) Pause Young (Normal) (G1 Evacuation Pause) 29M->3M(512M) 3.632ms
[2023-03-09T23:43:45.206-0700][1.021s] GC(0) User=0.02s Sys=0.00s Real=0.00s
[2023-03-09T23:43:46.132-0700][1.947s] GC(1) Pause Young (Normal) (G1 Evacuation Pause)
[2023-03-09T23:43:46.132-0700][1.947s] GC(1) Using 8 workers of 8 for evacuation
[2023-03-09T23:43:46.140-0700][1.955s] GC(1)   Pre Evacuate Collection Set: 0.1ms
[2023-03-09T23:43:46.140-0700][1.955s] GC(1)   Merge Heap Roots: 0.1ms
[2023-03-09T23:43:46.140-0700][1.955s] GC(1)   Evacuate Collection Set: 7.4ms
[2023-03-09T23:43:46.140-0700][1.955s] GC(1)   Post Evacuate Collection Set: 0.6ms
[2023-03-09T23:43:46.140-0700][1.955s] GC(1)   Other: 0.2ms
[2023-03-09T23:43:46.140-0700][1.955s] GC(1) Eden regions: 54->0(77)
[2023-03-09T23:43:46.140-0700][1.955s] GC(1) Survivor regions: 4->8(8)
[2023-03-09T23:43:46.140-0700][1.955s] GC(1) Old regions: 0->12
[2023-03-09T23:43:46.140-0700][1.955s] GC(1) Archive regions: 2->2
[2023-03-09T23:43:46.140-0700][1.955s] GC(1) Humongous regions: 4->4
[2023-03-09T23:43:46.140-0700][1.955s] GC(1) Metaspace: 16284K(16896K)->16284K(16896K) NonClass: 14394K(14848K)->14394K(14848K) Class: 1890K(2048K)->1890K(2048K)
[2023-03-09T23:43:46.140-0700][1.955s] GC(1) Pause Young (Normal) (G1 Evacuation Pause) 61M->23M(512M) 8.493ms
[2023-03-09T23:43:46.141-0700][1.955s] GC(1) User=0.05s Sys=0.00s Real=0.01s
[2023-03-09T23:43:46.389-0700][2.204s] GC(2) Pause Young (Concurrent Start) (Metadata GC Threshold)
[2023-03-09T23:43:46.389-0700][2.204s] GC(2) Using 8 workers of 8 for evacuation
[2023-03-09T23:43:46.393-0700][2.208s] GC(2)   Pre Evacuate Collection Set: 0.1ms
[2023-03-09T23:43:46.393-0700][2.208s] GC(2)   Merge Heap Roots: 0.1ms
[2023-03-09T23:43:46.393-0700][2.208s] GC(2)   Evacuate Collection Set: 3.1ms
[2023-03-09T23:43:46.393-0700][2.208s] GC(2)   Post Evacuate Collection Set: 0.5ms
[2023-03-09T23:43:46.393-0700][2.208s] GC(2)   Other: 0.2ms
[2023-03-09T23:43:46.393-0700][2.208s] GC(2) Eden regions: 25->0(136)
[2023-03-09T23:43:46.393-0700][2.208s] GC(2) Survivor regions: 8->1(9)
[2023-03-09T23:43:46.393-0700][2.208s] GC(2) Old regions: 12->20
[2023-03-09T23:43:46.393-0700][2.208s] GC(2) Archive regions: 2->2
[2023-03-09T23:43:46.393-0700][2.208s] GC(2) Humongous regions: 4->4
[2023-03-09T23:43:46.393-0700][2.208s] GC(2) Metaspace: 20589K(21248K)->20589K(21248K) NonClass: 18259K(18688K)->18259K(18688K) Class: 2329K(2560K)->2329K(2560K)
[2023-03-09T23:43:46.393-0700][2.208s] GC(2) Pause Young (Concurrent Start) (Metadata GC Threshold) 48M->24M(512M) 4.128ms
[2023-03-09T23:43:46.393-0700][2.208s] GC(2) User=0.02s Sys=0.00s Real=0.01s
[2023-03-09T23:43:46.393-0700][2.208s] GC(3) Concurrent Cycle
[2023-03-09T23:43:46.393-0700][2.208s] GC(3) Concurrent Clear Claimed Marks
[2023-03-09T23:43:46.393-0700][2.208s] GC(3) Concurrent Clear Claimed Marks 0.017ms
[2023-03-09T23:43:46.393-0700][2.208s] GC(3) Concurrent Scan Root Regions
[2023-03-09T23:43:46.394-0700][2.209s] GC(3) Concurrent Scan Root Regions 1.474ms
[2023-03-09T23:43:46.394-0700][2.209s] GC(3) Concurrent Mark (2.209s)
[2023-03-09T23:43:46.394-0700][2.209s] GC(3) Concurrent Mark From Roots
[2023-03-09T23:43:46.394-0700][2.209s] GC(3) Using 2 workers of 2 for marking
[2023-03-09T23:43:46.403-0700][2.218s] GC(3) Concurrent Mark From Roots 8.464ms
[2023-03-09T23:43:46.403-0700][2.218s] GC(3) Concurrent Preclean
[2023-03-09T23:43:46.403-0700][2.218s] GC(3) Concurrent Preclean 0.090ms
[2023-03-09T23:43:46.403-0700][2.218s] GC(3) Concurrent Mark (2.209s, 2.218s) 8.622ms
[2023-03-09T23:43:46.403-0700][2.218s] GC(3) Pause Remark
[2023-03-09T23:43:46.405-0700][2.220s] GC(3) Pause Remark 26M->26M(512M) 1.386ms
[2023-03-09T23:43:46.405-0700][2.220s] GC(3) User=0.00s Sys=0.01s Real=0.00s
[2023-03-09T23:43:46.405-0700][2.220s] GC(3) Concurrent Rebuild Remembered Sets
[2023-03-09T23:43:46.410-0700][2.225s] GC(3) Concurrent Rebuild Remembered Sets 5.723ms
[2023-03-09T23:43:46.411-0700][2.226s] GC(3) Pause Cleanup
[2023-03-09T23:43:46.411-0700][2.226s] GC(3) Pause Cleanup 26M->26M(512M) 0.089ms
[2023-03-09T23:43:46.411-0700][2.226s] GC(3) User=0.00s Sys=0.00s Real=0.00s
[2023-03-09T23:43:46.411-0700][2.226s] GC(3) Concurrent Cleanup for Next Mark
[2023-03-09T23:43:46.412-0700][2.226s] GC(3) Concurrent Cleanup for Next Mark 0.701ms
[2023-03-09T23:43:46.412-0700][2.226s] GC(3) Concurrent Cycle 18.750ms
[2023-03-09T23:43:47.580-0700][3.394s] GC(4) Pause Young (Concurrent Start) (Metadata GC Threshold)
[2023-03-09T23:43:47.580-0700][3.394s] GC(4) Using 8 workers of 8 for evacuation
[2023-03-09T23:43:47.584-0700][3.399s] GC(4)   Pre Evacuate Collection Set: 0.1ms
[2023-03-09T23:43:47.584-0700][3.399s] GC(4)   Merge Heap Roots: 0.1ms
[2023-03-09T23:43:47.584-0700][3.399s] GC(4)   Evacuate Collection Set: 3.5ms
[2023-03-09T23:43:47.584-0700][3.399s] GC(4)   Post Evacuate Collection Set: 0.6ms
[2023-03-09T23:43:47.584-0700][3.399s] GC(4)   Other: 0.2ms
[2023-03-09T23:43:47.584-0700][3.399s] GC(4) Eden regions: 88->0(301)
[2023-03-09T23:43:47.584-0700][3.399s] GC(4) Survivor regions: 1->6(18)
[2023-03-09T23:43:47.584-0700][3.399s] GC(4) Old regions: 20->20
[2023-03-09T23:43:47.584-0700][3.399s] GC(4) Archive regions: 2->2
[2023-03-09T23:43:47.584-0700][3.399s] GC(4) Humongous regions: 4->4
[2023-03-09T23:43:47.584-0700][3.399s] GC(4) Metaspace: 34930K(35840K)->34930K(35840K) NonClass: 30873K(31616K)->30873K(31616K) Class: 4057K(4224K)->4057K(4224K)
[2023-03-09T23:43:47.584-0700][3.399s] GC(4) Pause Young (Concurrent Start) (Metadata GC Threshold) 112M->29M(512M) 4.665ms
[2023-03-09T23:43:47.584-0700][3.399s] GC(4) User=0.03s Sys=0.00s Real=0.00s
[2023-03-09T23:43:47.584-0700][3.399s] GC(5) Concurrent Cycle
[2023-03-09T23:43:47.584-0700][3.399s] GC(5) Concurrent Clear Claimed Marks
[2023-03-09T23:43:47.584-0700][3.399s] GC(5) Concurrent Clear Claimed Marks 0.021ms
[2023-03-09T23:43:47.584-0700][3.399s] GC(5) Concurrent Scan Root Regions
[2023-03-09T23:43:47.586-0700][3.401s] GC(5) Concurrent Scan Root Regions 2.170ms
[2023-03-09T23:43:47.587-0700][3.401s] GC(5) Concurrent Mark (3.401s)
[2023-03-09T23:43:47.587-0700][3.401s] GC(5) Concurrent Mark From Roots
[2023-03-09T23:43:47.587-0700][3.401s] GC(5) Using 2 workers of 2 for marking
[2023-03-09T23:43:47.598-0700][3.412s] GC(5) Concurrent Mark From Roots 11.037ms
[2023-03-09T23:43:47.598-0700][3.413s] GC(5) Concurrent Preclean
[2023-03-09T23:43:47.598-0700][3.413s] GC(5) Concurrent Preclean 0.073ms
[2023-03-09T23:43:47.598-0700][3.413s] GC(5) Concurrent Mark (3.401s, 3.413s) 11.179ms
[2023-03-09T23:43:47.598-0700][3.413s] GC(5) Pause Remark
[2023-03-09T23:43:47.599-0700][3.414s] GC(5) Pause Remark 32M->32M(512M) 1.369ms
[2023-03-09T23:43:47.599-0700][3.414s] GC(5) User=0.00s Sys=0.00s Real=0.00s
[2023-03-09T23:43:47.599-0700][3.414s] GC(5) Concurrent Rebuild Remembered Sets
[2023-03-09T23:43:47.606-0700][3.421s] GC(5) Concurrent Rebuild Remembered Sets 6.510ms
[2023-03-09T23:43:47.606-0700][3.421s] GC(5) Pause Cleanup
[2023-03-09T23:43:47.606-0700][3.421s] GC(5) Pause Cleanup 32M->32M(512M) 0.110ms
[2023-03-09T23:43:47.606-0700][3.421s] GC(5) User=0.00s Sys=0.00s Real=0.00s
[2023-03-09T23:43:47.606-0700][3.421s] GC(5) Concurrent Cleanup for Next Mark
[2023-03-09T23:43:47.607-0700][3.422s] GC(5) Concurrent Cleanup for Next Mark 0.716ms
[2023-03-09T23:43:47.607-0700][3.422s] GC(5) Concurrent Cycle 22.764ms
