[2023-03-19T23:40:47.645-0700][0.010s] Using G1
[2023-03-19T23:40:47.846-0700][0.211s] Version: 15.0.2+7-27 (release)
[2023-03-19T23:40:47.846-0700][0.212s] CPUs: 8 total, 8 available
[2023-03-19T23:40:47.846-0700][0.212s] Memory: 16384M
[2023-03-19T23:40:47.846-0700][0.212s] Large Page Support: Disabled
[2023-03-19T23:40:47.846-0700][0.212s] NUMA Support: Disabled
[2023-03-19T23:40:47.846-0700][0.212s] Compressed Oops: Enabled (Zero based)
[2023-03-19T23:40:47.846-0700][0.212s] Heap Region Size: 1M
[2023-03-19T23:40:47.846-0700][0.212s] Heap Min Capacity: 512M
[2023-03-19T23:40:47.846-0700][0.212s] Heap Initial Capacity: 512M
[2023-03-19T23:40:47.846-0700][0.212s] Heap Max Capacity: 512M
[2023-03-19T23:40:47.846-0700][0.212s] Pre-touch: Enabled
[2023-03-19T23:40:47.846-0700][0.212s] Parallel Workers: 8
[2023-03-19T23:40:47.846-0700][0.212s] Concurrent Workers: 2
[2023-03-19T23:40:47.846-0700][0.212s] Concurrent Refinement Workers: 8
[2023-03-19T23:40:47.846-0700][0.212s] Periodic GC: Disabled
[2023-03-19T23:40:47.847-0700][0.212s] Mark closed archive regions in map: [0x00000007fff00000, 0x00000007fff78ff8]
[2023-03-19T23:40:47.847-0700][0.212s] Mark open archive regions in map: [0x00000007ffe00000, 0x00000007ffe50ff8]
[2023-03-19T23:40:47.847-0700][0.213s] CDS archive(s) mapped at: [0x0000000800000000-0x0000000800b2d000-0x0000000800b2d000), size 11718656, SharedBaseAddress: 0x0000000800000000, ArchiveRelocationMode: 0.
[2023-03-19T23:40:47.847-0700][0.213s] Compressed class space mapped at: 0x0000000800b30000-0x0000000840b30000, size: 1073741824
[2023-03-19T23:40:47.847-0700][0.213s] Narrow klass base: 0x0000000800000000, Narrow klass shift: 3, Narrow klass range: 0x100000000
[2023-03-19T23:40:48.594-0700][0.959s] GC(0) Pause Young (Normal) (G1 Evacuation Pause)
[2023-03-19T23:40:48.594-0700][0.960s] GC(0) Using 8 workers of 8 for evacuation
[2023-03-19T23:40:48.597-0700][0.963s] GC(0)   Pre Evacuate Collection Set: 0.1ms
[2023-03-19T23:40:48.597-0700][0.963s] GC(0)   Merge Heap Roots: 0.1ms
[2023-03-19T23:40:48.597-0700][0.963s] GC(0)   Evacuate Collection Set: 1.8ms
[2023-03-19T23:40:48.597-0700][0.963s] GC(0)   Post Evacuate Collection Set: 0.5ms
[2023-03-19T23:40:48.597-0700][0.963s] GC(0)   Other: 0.9ms
[2023-03-19T23:40:48.597-0700][0.963s] GC(0) Eden regions: 29->0(54)
[2023-03-19T23:40:48.597-0700][0.963s] GC(0) Survivor regions: 0->4(4)
[2023-03-19T23:40:48.597-0700][0.963s] GC(0) Old regions: 0->0
[2023-03-19T23:40:48.597-0700][0.963s] GC(0) Archive regions: 2->2
[2023-03-19T23:40:48.597-0700][0.963s] GC(0) Humongous regions: 0->0
[2023-03-19T23:40:48.597-0700][0.963s] GC(0) Metaspace: 6848K(8064K)->6848K(8064K) NonClass: 6036K(7168K)->6036K(7168K) Class: 812K(896K)->812K(896K)
[2023-03-19T23:40:48.597-0700][0.963s] GC(0) Pause Young (Normal) (G1 Evacuation Pause) 29M->3M(512M) 3.641ms
[2023-03-19T23:40:48.597-0700][0.963s] GC(0) User=0.02s Sys=0.00s Real=0.00s
[2023-03-19T23:40:49.643-0700][2.008s] GC(1) Pause Young (Normal) (G1 Evacuation Pause)
[2023-03-19T23:40:49.643-0700][2.008s] GC(1) Using 8 workers of 8 for evacuation
[2023-03-19T23:40:49.650-0700][2.016s] GC(1)   Pre Evacuate Collection Set: 0.1ms
[2023-03-19T23:40:49.650-0700][2.016s] GC(1)   Merge Heap Roots: 0.1ms
[2023-03-19T23:40:49.650-0700][2.016s] GC(1)   Evacuate Collection Set: 6.7ms
[2023-03-19T23:40:49.650-0700][2.016s] GC(1)   Post Evacuate Collection Set: 0.5ms
[2023-03-19T23:40:49.650-0700][2.016s] GC(1)   Other: 0.1ms
[2023-03-19T23:40:49.650-0700][2.016s] GC(1) Eden regions: 54->0(77)
[2023-03-19T23:40:49.651-0700][2.016s] GC(1) Survivor regions: 4->8(8)
[2023-03-19T23:40:49.651-0700][2.016s] GC(1) Old regions: 0->11
[2023-03-19T23:40:49.651-0700][2.016s] GC(1) Archive regions: 2->2
[2023-03-19T23:40:49.651-0700][2.016s] GC(1) Humongous regions: 4->4
[2023-03-19T23:40:49.651-0700][2.016s] GC(1) Metaspace: 16299K(16896K)->16299K(16896K) NonClass: 14409K(14848K)->14409K(14848K) Class: 1890K(2048K)->1890K(2048K)
[2023-03-19T23:40:49.651-0700][2.016s] GC(1) Pause Young (Normal) (G1 Evacuation Pause) 61M->23M(512M) 7.759ms
[2023-03-19T23:40:49.651-0700][2.016s] GC(1) User=0.04s Sys=0.00s Real=0.01s
[2023-03-19T23:40:49.940-0700][2.306s] GC(2) Pause Young (Concurrent Start) (Metadata GC Threshold)
[2023-03-19T23:40:49.940-0700][2.306s] GC(2) Using 8 workers of 8 for evacuation
[2023-03-19T23:40:49.944-0700][2.310s] GC(2)   Pre Evacuate Collection Set: 0.1ms
[2023-03-19T23:40:49.944-0700][2.310s] GC(2)   Merge Heap Roots: 0.1ms
[2023-03-19T23:40:49.944-0700][2.310s] GC(2)   Evacuate Collection Set: 3.1ms
[2023-03-19T23:40:49.944-0700][2.310s] GC(2)   Post Evacuate Collection Set: 0.5ms
[2023-03-19T23:40:49.945-0700][2.310s] GC(2)   Other: 0.2ms
[2023-03-19T23:40:49.945-0700][2.310s] GC(2) Eden regions: 25->0(148)
[2023-03-19T23:40:49.945-0700][2.310s] GC(2) Survivor regions: 8->1(9)
[2023-03-19T23:40:49.945-0700][2.310s] GC(2) Old regions: 11->19
[2023-03-19T23:40:49.945-0700][2.310s] GC(2) Archive regions: 2->2
[2023-03-19T23:40:49.945-0700][2.310s] GC(2) Humongous regions: 4->4
[2023-03-19T23:40:49.945-0700][2.310s] GC(2) Metaspace: 20666K(21248K)->20666K(21248K) NonClass: 18327K(18688K)->18327K(18688K) Class: 2339K(2560K)->2339K(2560K)
[2023-03-19T23:40:49.945-0700][2.310s] GC(2) Pause Young (Concurrent Start) (Metadata GC Threshold) 48M->24M(512M) 4.190ms
[2023-03-19T23:40:49.945-0700][2.310s] GC(2) User=0.02s Sys=0.00s Real=0.00s
[2023-03-19T23:40:49.945-0700][2.310s] GC(3) Concurrent Cycle
[2023-03-19T23:40:49.945-0700][2.310s] GC(3) Concurrent Clear Claimed Marks
[2023-03-19T23:40:49.945-0700][2.310s] GC(3) Concurrent Clear Claimed Marks 0.024ms
[2023-03-19T23:40:49.945-0700][2.310s] GC(3) Concurrent Scan Root Regions
[2023-03-19T23:40:49.947-0700][2.312s] GC(3) Concurrent Scan Root Regions 1.947ms
[2023-03-19T23:40:49.947-0700][2.312s] GC(3) Concurrent Mark (2.312s)
[2023-03-19T23:40:49.947-0700][2.312s] GC(3) Concurrent Mark From Roots
[2023-03-19T23:40:49.947-0700][2.312s] GC(3) Using 2 workers of 2 for marking
[2023-03-19T23:40:49.960-0700][2.325s] GC(3) Concurrent Mark From Roots 12.770ms
[2023-03-19T23:40:49.960-0700][2.325s] GC(3) Concurrent Preclean
[2023-03-19T23:40:49.960-0700][2.325s] GC(3) Concurrent Preclean 0.109ms
[2023-03-19T23:40:49.960-0700][2.325s] GC(3) Concurrent Mark (2.312s, 2.325s) 12.998ms
[2023-03-19T23:40:49.960-0700][2.325s] GC(3) Pause Remark
[2023-03-19T23:40:49.962-0700][2.327s] GC(3) Pause Remark 26M->26M(512M) 1.526ms
[2023-03-19T23:40:49.962-0700][2.327s] GC(3) User=0.00s Sys=0.00s Real=0.00s
[2023-03-19T23:40:49.962-0700][2.327s] GC(3) Concurrent Rebuild Remembered Sets
[2023-03-19T23:40:49.970-0700][2.335s] GC(3) Concurrent Rebuild Remembered Sets 8.213ms
[2023-03-19T23:40:49.970-0700][2.336s] GC(3) Pause Cleanup
[2023-03-19T23:40:49.970-0700][2.336s] GC(3) Pause Cleanup 26M->26M(512M) 0.119ms
[2023-03-19T23:40:49.970-0700][2.336s] GC(3) User=0.00s Sys=0.00s Real=0.00s
[2023-03-19T23:40:49.970-0700][2.336s] GC(3) Concurrent Cleanup for Next Mark
[2023-03-19T23:40:49.971-0700][2.337s] GC(3) Concurrent Cleanup for Next Mark 0.772ms
[2023-03-19T23:40:49.971-0700][2.337s] GC(3) Concurrent Cycle 26.575ms
[2023-03-19T23:40:51.750-0700][4.115s] GC(4) Pause Young (Concurrent Start) (Metadata GC Threshold)
[2023-03-19T23:40:51.750-0700][4.116s] GC(4) Using 8 workers of 8 for evacuation
[2023-03-19T23:40:51.756-0700][4.122s] GC(4)   Pre Evacuate Collection Set: 0.1ms
[2023-03-19T23:40:51.756-0700][4.122s] GC(4)   Merge Heap Roots: 0.1ms
[2023-03-19T23:40:51.756-0700][4.122s] GC(4)   Evacuate Collection Set: 5.3ms
[2023-03-19T23:40:51.756-0700][4.122s] GC(4)   Post Evacuate Collection Set: 0.5ms
[2023-03-19T23:40:51.756-0700][4.122s] GC(4)   Other: 0.2ms
[2023-03-19T23:40:51.756-0700][4.122s] GC(4) Eden regions: 84->0(301)
[2023-03-19T23:40:51.756-0700][4.122s] GC(4) Survivor regions: 1->6(19)
[2023-03-19T23:40:51.756-0700][4.122s] GC(4) Old regions: 19->19
[2023-03-19T23:40:51.756-0700][4.122s] GC(4) Archive regions: 2->2
[2023-03-19T23:40:51.756-0700][4.122s] GC(4) Humongous regions: 4->4
[2023-03-19T23:40:51.756-0700][4.122s] GC(4) Metaspace: 35196K(35840K)->35196K(35840K) NonClass: 31094K(31616K)->31094K(31616K) Class: 4102K(4224K)->4102K(4224K)
[2023-03-19T23:40:51.756-0700][4.122s] GC(4) Pause Young (Concurrent Start) (Metadata GC Threshold) 108M->29M(512M) 6.397ms
[2023-03-19T23:40:51.756-0700][4.122s] GC(4) User=0.03s Sys=0.00s Real=0.00s
[2023-03-19T23:40:51.756-0700][4.122s] GC(5) Concurrent Cycle
[2023-03-19T23:40:51.756-0700][4.122s] GC(5) Concurrent Clear Claimed Marks
[2023-03-19T23:40:51.757-0700][4.122s] GC(5) Concurrent Clear Claimed Marks 0.027ms
[2023-03-19T23:40:51.757-0700][4.122s] GC(5) Concurrent Scan Root Regions
[2023-03-19T23:40:51.759-0700][4.125s] GC(5) Concurrent Scan Root Regions 2.724ms
[2023-03-19T23:40:51.759-0700][4.125s] GC(5) Concurrent Mark (4.125s)
[2023-03-19T23:40:51.759-0700][4.125s] GC(5) Concurrent Mark From Roots
[2023-03-19T23:40:51.759-0700][4.125s] GC(5) Using 2 workers of 2 for marking
[2023-03-19T23:40:51.776-0700][4.141s] GC(5) Concurrent Mark From Roots 16.422ms
[2023-03-19T23:40:51.776-0700][4.141s] GC(5) Concurrent Preclean
[2023-03-19T23:40:51.776-0700][4.141s] GC(5) Concurrent Preclean 0.100ms
[2023-03-19T23:40:51.776-0700][4.141s] GC(5) Concurrent Mark (4.125s, 4.141s) 16.588ms
[2023-03-19T23:40:51.776-0700][4.141s] GC(5) Pause Remark
[2023-03-19T23:40:51.778-0700][4.143s] GC(5) Pause Remark 31M->31M(512M) 1.615ms
[2023-03-19T23:40:51.778-0700][4.143s] GC(5) User=0.01s Sys=0.00s Real=0.00s
[2023-03-19T23:40:51.778-0700][4.143s] GC(5) Concurrent Rebuild Remembered Sets
[2023-03-19T23:40:51.787-0700][4.153s] GC(5) Concurrent Rebuild Remembered Sets 9.616ms
[2023-03-19T23:40:51.788-0700][4.153s] GC(5) Pause Cleanup
[2023-03-19T23:40:51.788-0700][4.153s] GC(5) Pause Cleanup 34M->34M(512M) 0.102ms
[2023-03-19T23:40:51.788-0700][4.153s] GC(5) User=0.00s Sys=0.00s Real=0.00s
[2023-03-19T23:40:51.788-0700][4.153s] GC(5) Concurrent Cleanup for Next Mark
[2023-03-19T23:40:51.789-0700][4.154s] GC(5) Concurrent Cleanup for Next Mark 0.745ms
[2023-03-19T23:40:51.789-0700][4.154s] GC(5) Concurrent Cycle 32.172ms
[2023-03-20T00:07:10.325-0700][1582.714s] Heap
[2023-03-20T00:07:10.325-0700][1582.714s]  garbage-first heap   total 524288K, used 281905K [0x00000007e0000000, 0x0000000800000000)
[2023-03-20T00:07:10.325-0700][1582.714s]   region size 1024K, 252 young (258048K), 6 survivors (6144K)
[2023-03-20T00:07:10.325-0700][1582.714s]  Metaspace       used 53681K, capacity 54224K, committed 54860K, reserved 1097728K
[2023-03-20T00:07:10.325-0700][1582.714s]   class space    used 6259K, capacity 6429K, committed 6476K, reserved 1048576K
