[2023-03-20T21:17:06.420+0700][0.030s] Heap region size: 1M
[2023-03-20T21:17:06.685+0700][0.294s] Using G1
[2023-03-20T21:17:06.685+0700][0.294s] Heap address: 0x00000000e0000000, size: 512 MB, Compressed Oops mode: 32-bit
[2023-03-20T21:17:08.821+0700][2.428s] GC(0) Pause Young (Normal) (G1 Evacuation Pause)
[2023-03-20T21:17:08.821+0700][2.428s] GC(0) Using 4 workers of 4 for evacuation
[2023-03-20T21:17:08.837+0700][2.444s] GC(0)   Pre Evacuate Collection Set: 0.0ms
[2023-03-20T21:17:08.837+0700][2.444s] GC(0)   Evacuate Collection Set: 15.1ms
[2023-03-20T21:17:08.837+0700][2.444s] GC(0)   Post Evacuate Collection Set: 0.4ms
[2023-03-20T21:17:08.837+0700][2.444s] GC(0)   Other: 0.6ms
[2023-03-20T21:17:08.837+0700][2.444s] GC(0) Eden regions: 25->0(303)
[2023-03-20T21:17:08.837+0700][2.445s] GC(0) Survivor regions: 0->4(4)
[2023-03-20T21:17:08.837+0700][2.445s] GC(0) Old regions: 0->0
[2023-03-20T21:17:08.837+0700][2.445s] GC(0) Humongous regions: 0->0
[2023-03-20T21:17:08.837+0700][2.445s] GC(0) Metaspace: 13500K(14080K)->13500K(14080K) NonClass: 12100K(12544K)->12100K(12544K) Class: 1399K(1536K)->1399K(1536K)
[2023-03-20T21:17:08.837+0700][2.445s] GC(0) Pause Young (Normal) (G1 Evacuation Pause) 25M->3M(512M) 17.351ms
[2023-03-20T21:17:08.837+0700][2.445s] GC(0) User=0.02s Sys=0.00s Real=0.02s
[2023-03-20T21:17:10.211+0700][3.823s] GC(1) Pause Young (Concurrent Start) (Metadata GC Threshold)
[2023-03-20T21:17:10.211+0700][3.823s] GC(1) Using 4 workers of 4 for evacuation
[2023-03-20T21:17:10.227+0700][3.840s] GC(1)   Pre Evacuate Collection Set: 0.0ms
[2023-03-20T21:17:10.227+0700][3.840s] GC(1)   Evacuate Collection Set: 16.4ms
[2023-03-20T21:17:10.227+0700][3.840s] GC(1)   Post Evacuate Collection Set: 0.7ms
[2023-03-20T21:17:10.227+0700][3.841s] GC(1)   Other: 0.3ms
[2023-03-20T21:17:10.227+0700][3.841s] GC(1) Eden regions: 25->0(75)
[2023-03-20T21:17:10.227+0700][3.841s] GC(1) Survivor regions: 4->12(24)
[2023-03-20T21:17:10.227+0700][3.841s] GC(1) Old regions: 0->0
[2023-03-20T21:17:10.227+0700][3.841s] GC(1) Humongous regions: 4->4
[2023-03-20T21:17:10.227+0700][3.841s] GC(1) Metaspace: 20667K(21248K)->20667K(21248K) NonClass: 18420K(18688K)->18420K(18688K) Class: 2246K(2560K)->2246K(2560K)
[2023-03-20T21:17:10.227+0700][3.841s] GC(1) Pause Young (Concurrent Start) (Metadata GC Threshold) 32M->15M(512M) 17.802ms
[2023-03-20T21:17:10.227+0700][3.841s] GC(1) User=0.06s Sys=0.00s Real=0.02s
[2023-03-20T21:17:10.227+0700][3.841s] GC(2) Concurrent Cycle
[2023-03-20T21:17:10.227+0700][3.841s] GC(2) Concurrent Clear Claimed Marks
[2023-03-20T21:17:10.227+0700][3.841s] GC(2) Concurrent Clear Claimed Marks 0.050ms
[2023-03-20T21:17:10.227+0700][3.841s] GC(2) Concurrent Scan Root Regions
[2023-03-20T21:17:10.243+0700][3.852s] GC(2) Concurrent Scan Root Regions 11.374ms
[2023-03-20T21:17:10.243+0700][3.852s] GC(2) Concurrent Mark (3.852s)
[2023-03-20T21:17:10.243+0700][3.852s] GC(2) Concurrent Mark From Roots
[2023-03-20T21:17:10.243+0700][3.853s] GC(2) Using 1 workers of 1 for marking
[2023-03-20T21:17:10.243+0700][3.856s] GC(2) Concurrent Mark From Roots 3.844ms
[2023-03-20T21:17:10.243+0700][3.856s] GC(2) Concurrent Preclean
[2023-03-20T21:17:10.243+0700][3.856s] GC(2) Concurrent Preclean 0.098ms
[2023-03-20T21:17:10.243+0700][3.857s] GC(2) Concurrent Mark (3.852s, 3.857s) 4.074ms
[2023-03-20T21:17:10.243+0700][3.857s] GC(2) Pause Remark
[2023-03-20T21:17:10.243+0700][3.859s] GC(2) Cleaned string and symbol table, strings: 9867 processed, 0 removed, symbols: 68738 processed, 20 removed
[2023-03-20T21:17:10.243+0700][3.859s] GC(2) Pause Remark 16M->16M(512M) 2.253ms
[2023-03-20T21:17:10.243+0700][3.859s] GC(2) User=0.00s Sys=0.00s Real=0.00s
[2023-03-20T21:17:10.243+0700][3.859s] GC(2) Concurrent Rebuild Remembered Sets
[2023-03-20T21:17:10.258+0700][3.862s] GC(2) Concurrent Rebuild Remembered Sets 3.188ms
[2023-03-20T21:17:10.274+0700][3.876s] GC(2) Pause Cleanup
[2023-03-20T21:17:10.274+0700][3.876s] GC(2) Pause Cleanup 16M->16M(512M) 0.160ms
[2023-03-20T21:17:10.274+0700][3.876s] GC(2) User=0.00s Sys=0.00s Real=0.00s
[2023-03-20T21:17:10.274+0700][3.876s] GC(2) Concurrent Cleanup for Next Mark
[2023-03-20T21:17:10.274+0700][3.878s] GC(2) Concurrent Cleanup for Next Mark 1.069ms
[2023-03-20T21:17:10.274+0700][3.878s] GC(2) Concurrent Cycle 36.844ms
[2023-03-20T21:17:12.274+0700][5.883s] GC(3) Pause Young (Normal) (G1 Evacuation Pause)
[2023-03-20T21:17:12.274+0700][5.883s] GC(3) Using 4 workers of 4 for evacuation
[2023-03-20T21:17:12.289+0700][5.901s] GC(3)   Pre Evacuate Collection Set: 0.0ms
[2023-03-20T21:17:12.289+0700][5.901s] GC(3)   Evacuate Collection Set: 17.8ms
[2023-03-20T21:17:12.289+0700][5.901s] GC(3)   Post Evacuate Collection Set: 0.4ms
[2023-03-20T21:17:12.289+0700][5.902s] GC(3)   Other: 0.2ms
[2023-03-20T21:17:12.289+0700][5.902s] GC(3) Eden regions: 43->0(50)
[2023-03-20T21:17:12.289+0700][5.902s] GC(3) Survivor regions: 12->7(7)
[2023-03-20T21:17:12.289+0700][5.902s] GC(3) Old regions: 0->13
[2023-03-20T21:17:12.289+0700][5.902s] GC(3) Humongous regions: 4->4
[2023-03-20T21:17:12.289+0700][5.902s] GC(3) Metaspace: 24407K(25088K)->24407K(25088K) NonClass: 21769K(22272K)->21769K(22272K) Class: 2638K(2816K)->2638K(2816K)
[2023-03-20T21:17:12.289+0700][5.902s] GC(3) Pause Young (Normal) (G1 Evacuation Pause) 58M->23M(512M) 18.730ms
[2023-03-20T21:17:12.289+0700][5.902s] GC(3) User=0.06s Sys=0.00s Real=0.02s
[2023-03-20T21:17:13.649+0700][7.259s] GC(4) Pause Young (Normal) (G1 Evacuation Pause)
[2023-03-20T21:17:13.649+0700][7.259s] GC(4) Using 4 workers of 4 for evacuation
[2023-03-20T21:17:13.649+0700][7.263s] GC(4)   Pre Evacuate Collection Set: 0.0ms
[2023-03-20T21:17:13.649+0700][7.263s] GC(4)   Evacuate Collection Set: 3.7ms
[2023-03-20T21:17:13.649+0700][7.263s] GC(4)   Post Evacuate Collection Set: 0.5ms
[2023-03-20T21:17:13.649+0700][7.263s] GC(4)   Other: 0.2ms
[2023-03-20T21:17:13.649+0700][7.263s] GC(4) Eden regions: 50->0(71)
[2023-03-20T21:17:13.649+0700][7.263s] GC(4) Survivor regions: 7->2(8)
[2023-03-20T21:17:13.649+0700][7.263s] GC(4) Old regions: 13->20
[2023-03-20T21:17:13.649+0700][7.263s] GC(4) Humongous regions: 4->4
[2023-03-20T21:17:13.649+0700][7.263s] GC(4) Metaspace: 30696K(31616K)->30696K(31616K) NonClass: 27377K(27904K)->27377K(27904K) Class: 3318K(3712K)->3318K(3712K)
[2023-03-20T21:17:13.649+0700][7.263s] GC(4) Pause Young (Normal) (G1 Evacuation Pause) 73M->25M(512M) 4.572ms
[2023-03-20T21:17:13.649+0700][7.263s] GC(4) User=0.00s Sys=0.00s Real=0.00s
[2023-03-20T21:17:14.758+0700][8.371s] GC(5) Pause Young (Concurrent Start) (Metadata GC Threshold)
[2023-03-20T21:17:14.758+0700][8.371s] GC(5) Using 4 workers of 4 for evacuation
[2023-03-20T21:17:14.758+0700][8.376s] GC(5)   Pre Evacuate Collection Set: 0.1ms
[2023-03-20T21:17:14.758+0700][8.376s] GC(5)   Evacuate Collection Set: 4.2ms
[2023-03-20T21:17:14.758+0700][8.376s] GC(5)   Post Evacuate Collection Set: 0.4ms
[2023-03-20T21:17:14.774+0700][8.376s] GC(5)   Other: 0.3ms
[2023-03-20T21:17:14.774+0700][8.376s] GC(5) Eden regions: 34->0(77)
[2023-03-20T21:17:14.774+0700][8.376s] GC(5) Survivor regions: 2->3(10)
[2023-03-20T21:17:14.774+0700][8.376s] GC(5) Old regions: 20->20
[2023-03-20T21:17:14.774+0700][8.376s] GC(5) Humongous regions: 4->4
[2023-03-20T21:17:14.774+0700][8.376s] GC(5) Metaspace: 34980K(35840K)->34980K(35840K) NonClass: 31141K(31616K)->31141K(31616K) Class: 3838K(4224K)->3838K(4224K)
[2023-03-20T21:17:14.774+0700][8.376s] GC(5) Pause Young (Concurrent Start) (Metadata GC Threshold) 59M->25M(512M) 5.245ms
[2023-03-20T21:17:14.774+0700][8.376s] GC(5) User=0.05s Sys=0.00s Real=0.02s
[2023-03-20T21:17:14.774+0700][8.376s] GC(6) Concurrent Cycle
[2023-03-20T21:17:14.774+0700][8.376s] GC(6) Concurrent Clear Claimed Marks
[2023-03-20T21:17:14.774+0700][8.376s] GC(6) Concurrent Clear Claimed Marks 0.066ms
[2023-03-20T21:17:14.774+0700][8.376s] GC(6) Concurrent Scan Root Regions
[2023-03-20T21:17:14.774+0700][8.379s] GC(6) Concurrent Scan Root Regions 3.271ms
[2023-03-20T21:17:14.774+0700][8.380s] GC(6) Concurrent Mark (8.380s)
[2023-03-20T21:17:14.774+0700][8.380s] GC(6) Concurrent Mark From Roots
[2023-03-20T21:17:14.774+0700][8.380s] GC(6) Using 1 workers of 1 for marking
[2023-03-20T21:17:14.821+0700][8.432s] GC(6) Concurrent Mark From Roots 52.215ms
[2023-03-20T21:17:14.821+0700][8.432s] GC(6) Concurrent Preclean
[2023-03-20T21:17:14.821+0700][8.432s] GC(6) Concurrent Preclean 0.215ms
[2023-03-20T21:17:14.821+0700][8.432s] GC(6) Concurrent Mark (8.380s, 8.432s) 52.677ms
[2023-03-20T21:17:14.821+0700][8.432s] GC(6) Pause Remark
[2023-03-20T21:17:14.836+0700][8.440s] GC(6) Cleaned string and symbol table, strings: 15783 processed, 27 removed, symbols: 114860 processed, 42 removed
[2023-03-20T21:17:14.836+0700][8.440s] GC(6) Pause Remark 26M->26M(512M) 7.811ms
[2023-03-20T21:17:14.836+0700][8.440s] GC(6) User=0.06s Sys=0.00s Real=0.01s
[2023-03-20T21:17:14.836+0700][8.440s] GC(6) Concurrent Rebuild Remembered Sets
[2023-03-20T21:17:14.883+0700][8.488s] GC(6) Concurrent Rebuild Remembered Sets 47.579ms
[2023-03-20T21:17:14.883+0700][8.488s] GC(6) Pause Cleanup
[2023-03-20T21:17:14.883+0700][8.488s] GC(6) Pause Cleanup 26M->26M(512M) 0.130ms
[2023-03-20T21:17:14.883+0700][8.488s] GC(6) User=0.00s Sys=0.00s Real=0.00s
[2023-03-20T21:17:14.883+0700][8.488s] GC(6) Concurrent Cleanup for Next Mark
[2023-03-20T21:17:14.883+0700][8.489s] GC(6) Concurrent Cleanup for Next Mark 0.988ms
[2023-03-20T21:17:14.883+0700][8.489s] GC(6) Concurrent Cycle 113.408ms
[2023-03-20T21:17:17.133+0700][10.742s] GC(7) Pause Young (Normal) (G1 Evacuation Pause)
[2023-03-20T21:17:17.133+0700][10.742s] GC(7) Using 4 workers of 4 for evacuation
[2023-03-20T21:17:17.133+0700][10.750s] GC(7)   Pre Evacuate Collection Set: 0.0ms
[2023-03-20T21:17:17.133+0700][10.750s] GC(7)   Evacuate Collection Set: 7.9ms
[2023-03-20T21:17:17.133+0700][10.750s] GC(7)   Post Evacuate Collection Set: 0.5ms
[2023-03-20T21:17:17.133+0700][10.751s] GC(7)   Other: 0.2ms
[2023-03-20T21:17:17.133+0700][10.751s] GC(7) Eden regions: 77->0(301)
[2023-03-20T21:17:17.148+0700][10.751s] GC(7) Survivor regions: 3->6(10)
[2023-03-20T21:17:17.148+0700][10.751s] GC(7) Old regions: 20->20
[2023-03-20T21:17:17.148+0700][10.751s] GC(7) Humongous regions: 4->4
[2023-03-20T21:17:17.148+0700][10.751s] GC(7) Metaspace: 42733K(44032K)->42733K(44032K) NonClass: 37912K(38656K)->37912K(38656K) Class: 4820K(5376K)->4820K(5376K)
[2023-03-20T21:17:17.148+0700][10.751s] GC(7) Pause Young (Normal) (G1 Evacuation Pause) 102M->29M(512M) 8.955ms
[2023-03-20T21:17:17.148+0700][10.751s] GC(7) User=0.00s Sys=0.03s Real=0.02s
[2023-03-20T21:18:22.854+0700][76.462s] GC(8) Pause Young (Concurrent Start) (Metadata GC Threshold)
[2023-03-20T21:18:22.854+0700][76.462s] GC(8) Using 4 workers of 4 for evacuation
[2023-03-20T21:18:22.869+0700][76.483s] GC(8)   Pre Evacuate Collection Set: 0.1ms
[2023-03-20T21:18:22.869+0700][76.483s] GC(8)   Evacuate Collection Set: 19.8ms
[2023-03-20T21:18:22.869+0700][76.483s] GC(8)   Post Evacuate Collection Set: 0.8ms
[2023-03-20T21:18:22.869+0700][76.483s] GC(8)   Other: 0.3ms
[2023-03-20T21:18:22.869+0700][76.483s] GC(8) Eden regions: 236->0(269)
[2023-03-20T21:18:22.869+0700][76.483s] GC(8) Survivor regions: 6->16(39)
[2023-03-20T21:18:22.869+0700][76.483s] GC(8) Old regions: 20->20
[2023-03-20T21:18:22.869+0700][76.483s] GC(8) Humongous regions: 5->4
[2023-03-20T21:18:22.869+0700][76.483s] GC(8) Metaspace: 58848K(60160K)->58848K(60160K) NonClass: 52034K(52736K)->52034K(52736K) Class: 6813K(7424K)->6813K(7424K)
[2023-03-20T21:18:22.869+0700][76.483s] GC(8) Pause Young (Concurrent Start) (Metadata GC Threshold) 265M->39M(512M) 21.250ms
[2023-03-20T21:18:22.869+0700][76.483s] GC(8) User=0.06s Sys=0.00s Real=0.01s
[2023-03-20T21:18:22.869+0700][76.483s] GC(9) Concurrent Cycle
[2023-03-20T21:18:22.869+0700][76.483s] GC(9) Concurrent Clear Claimed Marks
[2023-03-20T21:18:22.869+0700][76.484s] GC(9) Concurrent Clear Claimed Marks 0.091ms
[2023-03-20T21:18:22.869+0700][76.484s] GC(9) Concurrent Scan Root Regions
[2023-03-20T21:18:22.885+0700][76.501s] GC(9) Concurrent Scan Root Regions 17.677ms
[2023-03-20T21:18:22.885+0700][76.501s] GC(9) Concurrent Mark (76.501s)
[2023-03-20T21:18:22.885+0700][76.501s] GC(9) Concurrent Mark From Roots
[2023-03-20T21:18:22.885+0700][76.501s] GC(9) Using 1 workers of 1 for marking
[2023-03-20T21:18:22.947+0700][76.556s] GC(9) Concurrent Mark From Roots 54.137ms
[2023-03-20T21:18:22.947+0700][76.556s] GC(9) Concurrent Preclean
[2023-03-20T21:18:22.947+0700][76.556s] GC(9) Concurrent Preclean 0.186ms
[2023-03-20T21:18:22.947+0700][76.556s] GC(9) Concurrent Mark (76.501s, 76.556s) 54.489ms
[2023-03-20T21:18:22.947+0700][76.556s] GC(9) Pause Remark
[2023-03-20T21:18:22.947+0700][76.563s] GC(9) Cleaned string and symbol table, strings: 28279 processed, 0 removed, symbols: 180102 processed, 572 removed
[2023-03-20T21:18:22.947+0700][76.563s] GC(9) Pause Remark 43M->43M(512M) 7.506ms
[2023-03-20T21:18:22.947+0700][76.564s] GC(9) User=0.00s Sys=0.00s Real=0.00s
[2023-03-20T21:18:22.947+0700][76.564s] GC(9) Concurrent Rebuild Remembered Sets
[2023-03-20T21:18:22.979+0700][76.591s] GC(9) Concurrent Rebuild Remembered Sets 27.554ms
[2023-03-20T21:18:23.010+0700][76.617s] GC(9) Pause Cleanup
[2023-03-20T21:18:23.010+0700][76.617s] GC(9) Pause Cleanup 44M->44M(512M) 0.137ms
[2023-03-20T21:18:23.010+0700][76.617s] GC(9) User=0.00s Sys=0.00s Real=0.00s
[2023-03-20T21:18:23.010+0700][76.617s] GC(9) Concurrent Cleanup for Next Mark
[2023-03-20T21:18:23.010+0700][76.618s] GC(9) Concurrent Cleanup for Next Mark 1.007ms
[2023-03-20T21:18:23.010+0700][76.618s] GC(9) Concurrent Cycle 134.503ms
