[2023-03-18T00:00:32.299-0700][0.010s] Using G1
[2023-03-18T00:00:32.532-0700][0.242s] Version: 15.0.2+7-27 (release)
[2023-03-18T00:00:32.532-0700][0.243s] CPUs: 8 total, 8 available
[2023-03-18T00:00:32.532-0700][0.243s] Memory: 16384M
[2023-03-18T00:00:32.532-0700][0.243s] Large Page Support: Disabled
[2023-03-18T00:00:32.532-0700][0.243s] NUMA Support: Disabled
[2023-03-18T00:00:32.532-0700][0.243s] Compressed Oops: Enabled (Zero based)
[2023-03-18T00:00:32.532-0700][0.243s] Heap Region Size: 1M
[2023-03-18T00:00:32.532-0700][0.243s] Heap Min Capacity: 512M
[2023-03-18T00:00:32.532-0700][0.243s] Heap Initial Capacity: 512M
[2023-03-18T00:00:32.532-0700][0.243s] Heap Max Capacity: 512M
[2023-03-18T00:00:32.532-0700][0.243s] Pre-touch: Enabled
[2023-03-18T00:00:32.532-0700][0.243s] Parallel Workers: 8
[2023-03-18T00:00:32.532-0700][0.243s] Concurrent Workers: 2
[2023-03-18T00:00:32.532-0700][0.243s] Concurrent Refinement Workers: 8
[2023-03-18T00:00:32.532-0700][0.243s] Periodic GC: Disabled
[2023-03-18T00:00:32.533-0700][0.243s] Mark closed archive regions in map: [0x00000007fff00000, 0x00000007fff78ff8]
[2023-03-18T00:00:32.533-0700][0.244s] Mark open archive regions in map: [0x00000007ffe00000, 0x00000007ffe50ff8]
[2023-03-18T00:00:32.533-0700][0.244s] CDS archive(s) mapped at: [0x0000000800000000-0x0000000800b2d000-0x0000000800b2d000), size 11718656, SharedBaseAddress: 0x0000000800000000, ArchiveRelocationMode: 0.
[2023-03-18T00:00:32.533-0700][0.244s] Compressed class space mapped at: 0x0000000800b30000-0x0000000840b30000, size: 1073741824
[2023-03-18T00:00:32.533-0700][0.244s] Narrow klass base: 0x0000000800000000, Narrow klass shift: 3, Narrow klass range: 0x100000000
[2023-03-18T00:00:33.184-0700][0.895s] GC(0) Pause Young (Normal) (G1 Evacuation Pause)
[2023-03-18T00:00:33.185-0700][0.895s] GC(0) Using 8 workers of 8 for evacuation
[2023-03-18T00:00:33.188-0700][0.898s] GC(0)   Pre Evacuate Collection Set: 0.1ms
[2023-03-18T00:00:33.188-0700][0.898s] GC(0)   Merge Heap Roots: 0.1ms
[2023-03-18T00:00:33.188-0700][0.898s] GC(0)   Evacuate Collection Set: 1.9ms
[2023-03-18T00:00:33.188-0700][0.898s] GC(0)   Post Evacuate Collection Set: 0.4ms
[2023-03-18T00:00:33.188-0700][0.898s] GC(0)   Other: 0.8ms
[2023-03-18T00:00:33.188-0700][0.898s] GC(0) Eden regions: 29->0(54)
[2023-03-18T00:00:33.188-0700][0.898s] GC(0) Survivor regions: 0->4(4)
[2023-03-18T00:00:33.188-0700][0.898s] GC(0) Old regions: 0->0
[2023-03-18T00:00:33.188-0700][0.898s] GC(0) Archive regions: 2->2
[2023-03-18T00:00:33.188-0700][0.898s] GC(0) Humongous regions: 0->0
[2023-03-18T00:00:33.188-0700][0.898s] GC(0) Metaspace: 6848K(8064K)->6848K(8064K) NonClass: 6036K(7168K)->6036K(7168K) Class: 812K(896K)->812K(896K)
[2023-03-18T00:00:33.188-0700][0.898s] GC(0) Pause Young (Normal) (G1 Evacuation Pause) 29M->3M(512M) 3.583ms
[2023-03-18T00:00:33.188-0700][0.898s] GC(0) User=0.02s Sys=0.01s Real=0.00s
[2023-03-18T00:00:34.252-0700][1.963s] GC(1) Pause Young (Normal) (G1 Evacuation Pause)
[2023-03-18T00:00:34.252-0700][1.963s] GC(1) Using 8 workers of 8 for evacuation
[2023-03-18T00:00:34.260-0700][1.970s] GC(1)   Pre Evacuate Collection Set: 0.1ms
[2023-03-18T00:00:34.260-0700][1.970s] GC(1)   Merge Heap Roots: 0.1ms
[2023-03-18T00:00:34.260-0700][1.970s] GC(1)   Evacuate Collection Set: 6.4ms
[2023-03-18T00:00:34.260-0700][1.970s] GC(1)   Post Evacuate Collection Set: 0.6ms
[2023-03-18T00:00:34.260-0700][1.970s] GC(1)   Other: 0.2ms
[2023-03-18T00:00:34.260-0700][1.970s] GC(1) Eden regions: 54->0(77)
[2023-03-18T00:00:34.260-0700][1.970s] GC(1) Survivor regions: 4->8(8)
[2023-03-18T00:00:34.260-0700][1.970s] GC(1) Old regions: 0->11
[2023-03-18T00:00:34.260-0700][1.970s] GC(1) Archive regions: 2->2
[2023-03-18T00:00:34.260-0700][1.970s] GC(1) Humongous regions: 4->4
[2023-03-18T00:00:34.260-0700][1.970s] GC(1) Metaspace: 16250K(16896K)->16250K(16896K) NonClass: 14362K(14848K)->14362K(14848K) Class: 1887K(2048K)->1887K(2048K)
[2023-03-18T00:00:34.260-0700][1.970s] GC(1) Pause Young (Normal) (G1 Evacuation Pause) 61M->23M(512M) 7.546ms
[2023-03-18T00:00:34.260-0700][1.970s] GC(1) User=0.05s Sys=0.00s Real=0.01s
[2023-03-18T00:00:34.542-0700][2.252s] GC(2) Pause Young (Concurrent Start) (Metadata GC Threshold)
[2023-03-18T00:00:34.542-0700][2.252s] GC(2) Using 8 workers of 8 for evacuation
[2023-03-18T00:00:34.545-0700][2.255s] GC(2)   Pre Evacuate Collection Set: 0.1ms
[2023-03-18T00:00:34.545-0700][2.255s] GC(2)   Merge Heap Roots: 0.1ms
[2023-03-18T00:00:34.545-0700][2.255s] GC(2)   Evacuate Collection Set: 2.7ms
[2023-03-18T00:00:34.545-0700][2.255s] GC(2)   Post Evacuate Collection Set: 0.3ms
[2023-03-18T00:00:34.545-0700][2.255s] GC(2)   Other: 0.2ms
[2023-03-18T00:00:34.545-0700][2.255s] GC(2) Eden regions: 25->0(148)
[2023-03-18T00:00:34.545-0700][2.255s] GC(2) Survivor regions: 8->1(9)
[2023-03-18T00:00:34.545-0700][2.255s] GC(2) Old regions: 11->20
[2023-03-18T00:00:34.545-0700][2.255s] GC(2) Archive regions: 2->2
[2023-03-18T00:00:34.545-0700][2.255s] GC(2) Humongous regions: 4->4
[2023-03-18T00:00:34.545-0700][2.255s] GC(2) Metaspace: 20549K(21248K)->20549K(21248K) NonClass: 18223K(18688K)->18223K(18688K) Class: 2326K(2560K)->2326K(2560K)
[2023-03-18T00:00:34.545-0700][2.255s] GC(2) Pause Young (Concurrent Start) (Metadata GC Threshold) 48M->25M(512M) 3.436ms
[2023-03-18T00:00:34.545-0700][2.255s] GC(2) User=0.02s Sys=0.00s Real=0.00s
[2023-03-18T00:00:34.545-0700][2.255s] GC(3) Concurrent Cycle
[2023-03-18T00:00:34.545-0700][2.256s] GC(3) Concurrent Clear Claimed Marks
[2023-03-18T00:00:34.545-0700][2.256s] GC(3) Concurrent Clear Claimed Marks 0.018ms
[2023-03-18T00:00:34.545-0700][2.256s] GC(3) Concurrent Scan Root Regions
[2023-03-18T00:00:34.547-0700][2.257s] GC(3) Concurrent Scan Root Regions 1.467ms
[2023-03-18T00:00:34.547-0700][2.257s] GC(3) Concurrent Mark (2.257s)
[2023-03-18T00:00:34.547-0700][2.257s] GC(3) Concurrent Mark From Roots
[2023-03-18T00:00:34.547-0700][2.257s] GC(3) Using 2 workers of 2 for marking
[2023-03-18T00:00:34.555-0700][2.266s] GC(3) Concurrent Mark From Roots 8.480ms
[2023-03-18T00:00:34.555-0700][2.266s] GC(3) Concurrent Preclean
[2023-03-18T00:00:34.555-0700][2.266s] GC(3) Concurrent Preclean 0.145ms
[2023-03-18T00:00:34.555-0700][2.266s] GC(3) Concurrent Mark (2.257s, 2.266s) 8.732ms
[2023-03-18T00:00:34.556-0700][2.266s] GC(3) Pause Remark
[2023-03-18T00:00:34.557-0700][2.267s] GC(3) Pause Remark 26M->26M(512M) 1.242ms
[2023-03-18T00:00:34.557-0700][2.267s] GC(3) User=0.01s Sys=0.00s Real=0.00s
[2023-03-18T00:00:34.557-0700][2.267s] GC(3) Concurrent Rebuild Remembered Sets
[2023-03-18T00:00:34.563-0700][2.273s] GC(3) Concurrent Rebuild Remembered Sets 6.190ms
[2023-03-18T00:00:34.564-0700][2.274s] GC(3) Pause Cleanup
[2023-03-18T00:00:34.564-0700][2.274s] GC(3) Pause Cleanup 26M->26M(512M) 0.114ms
[2023-03-18T00:00:34.564-0700][2.274s] GC(3) User=0.00s Sys=0.00s Real=0.00s
[2023-03-18T00:00:34.564-0700][2.274s] GC(3) Concurrent Cleanup for Next Mark
[2023-03-18T00:00:34.564-0700][2.275s] GC(3) Concurrent Cleanup for Next Mark 0.741ms
[2023-03-18T00:00:34.565-0700][2.275s] GC(3) Concurrent Cycle 19.345ms
[2023-03-18T00:00:35.768-0700][3.478s] GC(4) Pause Young (Concurrent Start) (Metadata GC Threshold)
[2023-03-18T00:00:35.768-0700][3.478s] GC(4) Using 8 workers of 8 for evacuation
[2023-03-18T00:00:35.772-0700][3.482s] GC(4)   Pre Evacuate Collection Set: 0.1ms
[2023-03-18T00:00:35.772-0700][3.482s] GC(4)   Merge Heap Roots: 0.1ms
[2023-03-18T00:00:35.772-0700][3.482s] GC(4)   Evacuate Collection Set: 3.2ms
[2023-03-18T00:00:35.772-0700][3.482s] GC(4)   Post Evacuate Collection Set: 0.6ms
[2023-03-18T00:00:35.772-0700][3.482s] GC(4)   Other: 0.2ms
[2023-03-18T00:00:35.772-0700][3.482s] GC(4) Eden regions: 79->0(301)
[2023-03-18T00:00:35.772-0700][3.482s] GC(4) Survivor regions: 1->6(19)
[2023-03-18T00:00:35.772-0700][3.482s] GC(4) Old regions: 20->20
[2023-03-18T00:00:35.772-0700][3.482s] GC(4) Archive regions: 2->2
[2023-03-18T00:00:35.772-0700][3.482s] GC(4) Humongous regions: 4->4
[2023-03-18T00:00:35.772-0700][3.482s] GC(4) Metaspace: 34841K(35840K)->34841K(35840K) NonClass: 30794K(31616K)->30794K(31616K) Class: 4046K(4224K)->4046K(4224K)
[2023-03-18T00:00:35.772-0700][3.482s] GC(4) Pause Young (Concurrent Start) (Metadata GC Threshold) 103M->29M(512M) 4.270ms
[2023-03-18T00:00:35.772-0700][3.482s] GC(4) User=0.03s Sys=0.00s Real=0.01s
[2023-03-18T00:00:35.772-0700][3.482s] GC(5) Concurrent Cycle
[2023-03-18T00:00:35.772-0700][3.482s] GC(5) Concurrent Clear Claimed Marks
[2023-03-18T00:00:35.772-0700][3.482s] GC(5) Concurrent Clear Claimed Marks 0.020ms
[2023-03-18T00:00:35.772-0700][3.482s] GC(5) Concurrent Scan Root Regions
[2023-03-18T00:00:35.774-0700][3.485s] GC(5) Concurrent Scan Root Regions 2.273ms
[2023-03-18T00:00:35.774-0700][3.485s] GC(5) Concurrent Mark (3.485s)
[2023-03-18T00:00:35.774-0700][3.485s] GC(5) Concurrent Mark From Roots
[2023-03-18T00:00:35.774-0700][3.485s] GC(5) Using 2 workers of 2 for marking
[2023-03-18T00:00:35.786-0700][3.496s] GC(5) Concurrent Mark From Roots 11.256ms
[2023-03-18T00:00:35.786-0700][3.496s] GC(5) Concurrent Preclean
[2023-03-18T00:00:35.786-0700][3.496s] GC(5) Concurrent Preclean 0.111ms
[2023-03-18T00:00:35.786-0700][3.496s] GC(5) Concurrent Mark (3.485s, 3.496s) 11.433ms
[2023-03-18T00:00:35.786-0700][3.496s] GC(5) Pause Remark
[2023-03-18T00:00:35.787-0700][3.498s] GC(5) Pause Remark 31M->31M(512M) 1.330ms
[2023-03-18T00:00:35.787-0700][3.498s] GC(5) User=0.01s Sys=0.00s Real=0.00s
[2023-03-18T00:00:35.787-0700][3.498s] GC(5) Concurrent Rebuild Remembered Sets
[2023-03-18T00:00:35.794-0700][3.504s] GC(5) Concurrent Rebuild Remembered Sets 6.643ms
[2023-03-18T00:00:35.794-0700][3.505s] GC(5) Pause Cleanup
[2023-03-18T00:00:35.794-0700][3.505s] GC(5) Pause Cleanup 32M->32M(512M) 0.096ms
[2023-03-18T00:00:35.794-0700][3.505s] GC(5) User=0.00s Sys=0.00s Real=0.00s
[2023-03-18T00:00:35.794-0700][3.505s] GC(5) Concurrent Cleanup for Next Mark
[2023-03-18T00:00:35.795-0700][3.505s] GC(5) Concurrent Cleanup for Next Mark 0.682ms
[2023-03-18T00:00:35.795-0700][3.505s] GC(5) Concurrent Cycle 23.098ms
[2023-03-18T12:08:27.557-0700][5684.848s] Heap
[2023-03-18T12:08:27.557-0700][5684.848s]  garbage-first heap   total 524288K, used 206418K [0x00000007e0000000, 0x0000000800000000)
[2023-03-18T12:08:27.557-0700][5684.849s]   region size 1024K, 176 young (180224K), 6 survivors (6144K)
[2023-03-18T12:08:27.557-0700][5684.849s]  Metaspace       used 50850K, capacity 51351K, committed 52352K, reserved 1095680K
[2023-03-18T12:08:27.557-0700][5684.849s]   class space    used 5986K, capacity 6160K, committed 6272K, reserved 1048576K
