[2023-03-20T01:27:51.628-0700][0.010s] Using G1
[2023-03-20T01:27:52.077-0700][0.459s] Version: 15.0.2+7-27 (release)
[2023-03-20T01:27:52.077-0700][0.459s] CPUs: 8 total, 8 available
[2023-03-20T01:27:52.077-0700][0.459s] Memory: 16384M
[2023-03-20T01:27:52.077-0700][0.459s] Large Page Support: Disabled
[2023-03-20T01:27:52.077-0700][0.459s] NUMA Support: Disabled
[2023-03-20T01:27:52.077-0700][0.459s] Compressed Oops: Enabled (Zero based)
[2023-03-20T01:27:52.077-0700][0.459s] Heap Region Size: 1M
[2023-03-20T01:27:52.077-0700][0.459s] Heap Min Capacity: 512M
[2023-03-20T01:27:52.077-0700][0.459s] Heap Initial Capacity: 512M
[2023-03-20T01:27:52.077-0700][0.459s] Heap Max Capacity: 512M
[2023-03-20T01:27:52.077-0700][0.459s] Pre-touch: Enabled
[2023-03-20T01:27:52.077-0700][0.459s] Parallel Workers: 8
[2023-03-20T01:27:52.077-0700][0.459s] Concurrent Workers: 2
[2023-03-20T01:27:52.077-0700][0.459s] Concurrent Refinement Workers: 8
[2023-03-20T01:27:52.077-0700][0.459s] Periodic GC: Disabled
[2023-03-20T01:27:52.078-0700][0.460s] Mark closed archive regions in map: [0x00000007fff00000, 0x00000007fff78ff8]
[2023-03-20T01:27:52.078-0700][0.460s] Mark open archive regions in map: [0x00000007ffe00000, 0x00000007ffe50ff8]
[2023-03-20T01:27:52.078-0700][0.460s] CDS archive(s) mapped at: [0x0000000800000000-0x0000000800b2d000-0x0000000800b2d000), size 11718656, SharedBaseAddress: 0x0000000800000000, ArchiveRelocationMode: 0.
[2023-03-20T01:27:52.078-0700][0.460s] Compressed class space mapped at: 0x0000000800b30000-0x0000000840b30000, size: 1073741824
[2023-03-20T01:27:52.078-0700][0.460s] Narrow klass base: 0x0000000800000000, Narrow klass shift: 3, Narrow klass range: 0x100000000
[2023-03-20T01:27:52.847-0700][1.229s] GC(0) Pause Young (Normal) (G1 Evacuation Pause)
[2023-03-20T01:27:52.848-0700][1.230s] GC(0) Using 8 workers of 8 for evacuation
[2023-03-20T01:27:52.850-0700][1.232s] GC(0)   Pre Evacuate Collection Set: 0.1ms
[2023-03-20T01:27:52.850-0700][1.232s] GC(0)   Merge Heap Roots: 0.1ms
[2023-03-20T01:27:52.850-0700][1.232s] GC(0)   Evacuate Collection Set: 1.9ms
[2023-03-20T01:27:52.850-0700][1.232s] GC(0)   Post Evacuate Collection Set: 0.3ms
[2023-03-20T01:27:52.850-0700][1.232s] GC(0)   Other: 0.6ms
[2023-03-20T01:27:52.850-0700][1.232s] GC(0) Eden regions: 29->0(54)
[2023-03-20T01:27:52.850-0700][1.232s] GC(0) Survivor regions: 0->4(4)
[2023-03-20T01:27:52.850-0700][1.232s] GC(0) Old regions: 0->0
[2023-03-20T01:27:52.850-0700][1.232s] GC(0) Archive regions: 2->2
[2023-03-20T01:27:52.850-0700][1.232s] GC(0) Humongous regions: 0->0
[2023-03-20T01:27:52.850-0700][1.232s] GC(0) Metaspace: 6844K(8064K)->6844K(8064K) NonClass: 6032K(7168K)->6032K(7168K) Class: 812K(896K)->812K(896K)
[2023-03-20T01:27:52.850-0700][1.232s] GC(0) Pause Young (Normal) (G1 Evacuation Pause) 29M->3M(512M) 3.203ms
[2023-03-20T01:27:52.850-0700][1.232s] GC(0) User=0.02s Sys=0.00s Real=0.01s
[2023-03-20T01:27:53.938-0700][2.320s] GC(1) Pause Young (Normal) (G1 Evacuation Pause)
[2023-03-20T01:27:53.938-0700][2.320s] GC(1) Using 8 workers of 8 for evacuation
[2023-03-20T01:27:53.947-0700][2.329s] GC(1)   Pre Evacuate Collection Set: 0.1ms
[2023-03-20T01:27:53.947-0700][2.329s] GC(1)   Merge Heap Roots: 0.0ms
[2023-03-20T01:27:53.947-0700][2.329s] GC(1)   Evacuate Collection Set: 8.9ms
[2023-03-20T01:27:53.947-0700][2.329s] GC(1)   Post Evacuate Collection Set: 0.4ms
[2023-03-20T01:27:53.947-0700][2.329s] GC(1)   Other: 0.1ms
[2023-03-20T01:27:53.947-0700][2.329s] GC(1) Eden regions: 54->0(76)
[2023-03-20T01:27:53.947-0700][2.329s] GC(1) Survivor regions: 4->8(8)
[2023-03-20T01:27:53.947-0700][2.329s] GC(1) Old regions: 0->11
[2023-03-20T01:27:53.947-0700][2.329s] GC(1) Archive regions: 2->2
[2023-03-20T01:27:53.947-0700][2.329s] GC(1) Humongous regions: 4->4
[2023-03-20T01:27:53.947-0700][2.329s] GC(1) Metaspace: 16264K(16896K)->16264K(16896K) NonClass: 14377K(14848K)->14377K(14848K) Class: 1887K(2048K)->1887K(2048K)
[2023-03-20T01:27:53.947-0700][2.329s] GC(1) Pause Young (Normal) (G1 Evacuation Pause) 61M->23M(512M) 9.700ms
[2023-03-20T01:27:53.947-0700][2.329s] GC(1) User=0.05s Sys=0.00s Real=0.01s
[2023-03-20T01:27:54.224-0700][2.606s] GC(2) Pause Young (Concurrent Start) (Metadata GC Threshold)
[2023-03-20T01:27:54.224-0700][2.606s] GC(2) Using 8 workers of 8 for evacuation
[2023-03-20T01:27:54.227-0700][2.609s] GC(2)   Pre Evacuate Collection Set: 0.1ms
[2023-03-20T01:27:54.227-0700][2.609s] GC(2)   Merge Heap Roots: 0.1ms
[2023-03-20T01:27:54.227-0700][2.609s] GC(2)   Evacuate Collection Set: 2.9ms
[2023-03-20T01:27:54.227-0700][2.609s] GC(2)   Post Evacuate Collection Set: 0.3ms
[2023-03-20T01:27:54.227-0700][2.609s] GC(2)   Other: 0.2ms
[2023-03-20T01:27:54.227-0700][2.609s] GC(2) Eden regions: 24->0(146)
[2023-03-20T01:27:54.227-0700][2.609s] GC(2) Survivor regions: 8->1(11)
[2023-03-20T01:27:54.227-0700][2.609s] GC(2) Old regions: 11->20
[2023-03-20T01:27:54.227-0700][2.609s] GC(2) Archive regions: 2->2
[2023-03-20T01:27:54.227-0700][2.609s] GC(2) Humongous regions: 4->4
[2023-03-20T01:27:54.227-0700][2.609s] GC(2) Metaspace: 20432K(21248K)->20432K(21248K) NonClass: 18117K(18688K)->18117K(18688K) Class: 2315K(2560K)->2315K(2560K)
[2023-03-20T01:27:54.227-0700][2.610s] GC(2) Pause Young (Concurrent Start) (Metadata GC Threshold) 47M->25M(512M) 3.679ms
[2023-03-20T01:27:54.227-0700][2.610s] GC(2) User=0.02s Sys=0.00s Real=0.00s
[2023-03-20T01:27:54.228-0700][2.610s] GC(3) Concurrent Cycle
[2023-03-20T01:27:54.228-0700][2.610s] GC(3) Concurrent Clear Claimed Marks
[2023-03-20T01:27:54.228-0700][2.610s] GC(3) Concurrent Clear Claimed Marks 0.018ms
[2023-03-20T01:27:54.228-0700][2.610s] GC(3) Concurrent Scan Root Regions
[2023-03-20T01:27:54.229-0700][2.611s] GC(3) Concurrent Scan Root Regions 1.526ms
[2023-03-20T01:27:54.229-0700][2.611s] GC(3) Concurrent Mark (2.611s)
[2023-03-20T01:27:54.229-0700][2.611s] GC(3) Concurrent Mark From Roots
[2023-03-20T01:27:54.229-0700][2.611s] GC(3) Using 2 workers of 2 for marking
[2023-03-20T01:27:54.237-0700][2.620s] GC(3) Concurrent Mark From Roots 8.310ms
[2023-03-20T01:27:54.237-0700][2.620s] GC(3) Concurrent Preclean
[2023-03-20T01:27:54.238-0700][2.620s] GC(3) Concurrent Preclean 0.097ms
[2023-03-20T01:27:54.238-0700][2.620s] GC(3) Concurrent Mark (2.611s, 2.620s) 8.465ms
[2023-03-20T01:27:54.238-0700][2.620s] GC(3) Pause Remark
[2023-03-20T01:27:54.239-0700][2.621s] GC(3) Pause Remark 26M->26M(512M) 1.099ms
[2023-03-20T01:27:54.239-0700][2.621s] GC(3) User=0.01s Sys=0.00s Real=0.00s
[2023-03-20T01:27:54.239-0700][2.621s] GC(3) Concurrent Rebuild Remembered Sets
[2023-03-20T01:27:54.245-0700][2.627s] GC(3) Concurrent Rebuild Remembered Sets 6.332ms
[2023-03-20T01:27:54.245-0700][2.628s] GC(3) Pause Cleanup
[2023-03-20T01:27:54.246-0700][2.628s] GC(3) Pause Cleanup 27M->27M(512M) 0.100ms
[2023-03-20T01:27:54.246-0700][2.628s] GC(3) User=0.00s Sys=0.00s Real=0.00s
[2023-03-20T01:27:54.246-0700][2.628s] GC(3) Concurrent Cleanup for Next Mark
[2023-03-20T01:27:54.246-0700][2.628s] GC(3) Concurrent Cleanup for Next Mark 0.722ms
[2023-03-20T01:27:54.246-0700][2.628s] GC(3) Concurrent Cycle 18.869ms
[2023-03-20T01:27:55.714-0700][4.096s] GC(4) Pause Young (Concurrent Start) (Metadata GC Threshold)
[2023-03-20T01:27:55.714-0700][4.096s] GC(4) Using 8 workers of 8 for evacuation
[2023-03-20T01:27:55.720-0700][4.102s] GC(4)   Pre Evacuate Collection Set: 0.1ms
[2023-03-20T01:27:55.720-0700][4.102s] GC(4)   Merge Heap Roots: 0.1ms
[2023-03-20T01:27:55.720-0700][4.102s] GC(4)   Evacuate Collection Set: 4.5ms
[2023-03-20T01:27:55.720-0700][4.102s] GC(4)   Post Evacuate Collection Set: 0.8ms
[2023-03-20T01:27:55.720-0700][4.102s] GC(4)   Other: 0.2ms
[2023-03-20T01:27:55.720-0700][4.102s] GC(4) Eden regions: 80->0(301)
[2023-03-20T01:27:55.720-0700][4.102s] GC(4) Survivor regions: 1->6(19)
[2023-03-20T01:27:55.720-0700][4.102s] GC(4) Old regions: 20->20
[2023-03-20T01:27:55.720-0700][4.102s] GC(4) Archive regions: 2->2
[2023-03-20T01:27:55.720-0700][4.102s] GC(4) Humongous regions: 4->4
[2023-03-20T01:27:55.720-0700][4.102s] GC(4) Metaspace: 34780K(35840K)->34780K(35840K) NonClass: 30759K(31616K)->30759K(31616K) Class: 4020K(4224K)->4020K(4224K)
[2023-03-20T01:27:55.720-0700][4.102s] GC(4) Pause Young (Concurrent Start) (Metadata GC Threshold) 105M->29M(512M) 6.158ms
[2023-03-20T01:27:55.720-0700][4.103s] GC(4) User=0.03s Sys=0.00s Real=0.01s
[2023-03-20T01:27:55.721-0700][4.103s] GC(5) Concurrent Cycle
[2023-03-20T01:27:55.721-0700][4.103s] GC(5) Concurrent Clear Claimed Marks
[2023-03-20T01:27:55.721-0700][4.103s] GC(5) Concurrent Clear Claimed Marks 0.025ms
[2023-03-20T01:27:55.721-0700][4.103s] GC(5) Concurrent Scan Root Regions
[2023-03-20T01:27:55.725-0700][4.107s] GC(5) Concurrent Scan Root Regions 4.758ms
[2023-03-20T01:27:55.725-0700][4.107s] GC(5) Concurrent Mark (4.107s)
[2023-03-20T01:27:55.725-0700][4.107s] GC(5) Concurrent Mark From Roots
[2023-03-20T01:27:55.725-0700][4.107s] GC(5) Using 2 workers of 2 for marking
[2023-03-20T01:27:55.746-0700][4.128s] GC(5) Concurrent Mark From Roots 20.747ms
[2023-03-20T01:27:55.746-0700][4.128s] GC(5) Concurrent Preclean
[2023-03-20T01:27:55.746-0700][4.128s] GC(5) Concurrent Preclean 0.097ms
[2023-03-20T01:27:55.746-0700][4.128s] GC(5) Concurrent Mark (4.107s, 4.128s) 20.922ms
[2023-03-20T01:27:55.747-0700][4.129s] GC(5) Pause Remark
[2023-03-20T01:27:55.749-0700][4.131s] GC(5) Pause Remark 31M->31M(512M) 2.221ms
[2023-03-20T01:27:55.749-0700][4.131s] GC(5) User=0.01s Sys=0.00s Real=0.00s
[2023-03-20T01:27:55.749-0700][4.131s] GC(5) Concurrent Rebuild Remembered Sets
[2023-03-20T01:27:55.759-0700][4.141s] GC(5) Concurrent Rebuild Remembered Sets 9.906ms
[2023-03-20T01:27:55.759-0700][4.141s] GC(5) Pause Cleanup
[2023-03-20T01:27:55.759-0700][4.141s] GC(5) Pause Cleanup 31M->31M(512M) 0.116ms
[2023-03-20T01:27:55.759-0700][4.141s] GC(5) User=0.01s Sys=0.00s Real=0.00s
[2023-03-20T01:27:55.759-0700][4.141s] GC(5) Concurrent Cleanup for Next Mark
[2023-03-20T01:27:55.760-0700][4.142s] GC(5) Concurrent Cleanup for Next Mark 0.792ms
[2023-03-20T01:27:55.760-0700][4.142s] GC(5) Concurrent Cycle 39.535ms
[2023-03-20T01:34:43.325-0700][411.699s] Heap
[2023-03-20T01:34:43.325-0700][411.699s]  garbage-first heap   total 524288K, used 182164K [0x00000007e0000000, 0x0000000800000000)
[2023-03-20T01:34:43.325-0700][411.699s]   region size 1024K, 155 young (158720K), 6 survivors (6144K)
[2023-03-20T01:34:43.325-0700][411.699s]  Metaspace       used 51494K, capacity 51976K, committed 52864K, reserved 1095680K
[2023-03-20T01:34:43.325-0700][411.699s]   class space    used 6099K, capacity 6271K, committed 6272K, reserved 1048576K
